Starting a Gradle Daemon, 23 stopped Daemons could not be reused, use --status for details
Reusing configuration cache.
> Task :designsystem:generateDebugAssets UP-TO-DATE
> Task :designsystem:generateDebugScreenshotTestAssets UP-TO-DATE
> Task :designsystem:preBuild UP-TO-DATE
> Task :designsystem:preDebugBuild UP-TO-DATE
> Task :feature-account:preBuild UP-TO-DATE
> Task :designsystem:preDebugScreenshotTestBuild UP-TO-DATE
> Task :designsystem:generateDebugResources UP-TO-DATE
> Task :designsystem:processDebugNavigationResources UP-TO-DATE
> Task :designsystem:javaPreCompileDebug UP-TO-DATE
> Task :designsystem:mapDebugSourceSetPaths UP-TO-DATE
> Task :designsystem:writeDebugAarMetadata UP-TO-DATE
> Task :designsystem:mapDebugScreenshotTestSourceSetPaths UP-TO-DATE
> Task :designsystem:generateDebugScreenshotTestResources UP-TO-DATE
> Task :designsystem:extractDeepLinksDebug UP-TO-DATE
> Task :designsystem:processDebugManifest UP-TO-DATE
> Task :designsystem:packageDebugResources UP-TO-DATE
> Task :designsystem:parseDebugLocalResources UP-TO-DATE
> Task :designsystem:generateDebugRFile UP-TO-DATE
> Task :designsystem:compileDebugKotlin UP-TO-DATE
> Task :designsystem:compileDebugJavaWithJavac NO-SOURCE
> Task :designsystem:bundleLibCompileToJarDebug UP-TO-DATE
> Task :designsystem:bundleLibRuntimeToJarDebug UP-TO-DATE
> Task :designsystem:compileDebugLibraryResources UP-TO-DATE
> Task :designsystem:checkDebugScreenshotTestAarMetadata UP-TO-DATE
> Task :designsystem:javaPreCompileDebugScreenshotTest UP-TO-DATE
> Task :designsystem:mergeDebugScreenshotTestResources UP-TO-DATE
> Task :feature-account:preDebugBuild UP-TO-DATE
> Task :designsystem:mergeDebugAssets UP-TO-DATE
> Task :feature-account:generateDebugResources UP-TO-DATE
> Task :feature-account:packageDebugResources UP-TO-DATE
> Task :feature-account:processDebugNavigationResources UP-TO-DATE
> Task :feature-account:parseDebugLocalResources UP-TO-DATE
> Task :feature-account:generateDebugRFile UP-TO-DATE
> Task :feature-account:compileDebugKotlin UP-TO-DATE
> Task :feature-account:javaPreCompileDebug UP-TO-DATE
> Task :feature-account:compileDebugJavaWithJavac NO-SOURCE
> Task :feature-account:bundleLibCompileToJarDebug UP-TO-DATE
> Task :feature-account:bundleLibRuntimeToJarDebug UP-TO-DATE
> Task :designsystem:mergeDebugScreenshotTestManifest UP-TO-DATE
> Task :feature-account:preDebugScreenshotTestBuild UP-TO-DATE
> Task :feature-account:writeDebugAarMetadata UP-TO-DATE
> Task :designsystem:processDebugScreenshotTestManifest UP-TO-DATE
> Task :designsystem:mergeDebugScreenshotTestAssets UP-TO-DATE
> Task :feature-account:mapDebugSourceSetPaths UP-TO-DATE
> Task :feature-account:compileDebugLibraryResources UP-TO-DATE
> Task :feature-account:mapDebugScreenshotTestSourceSetPaths UP-TO-DATE
> Task :feature-account:checkDebugScreenshotTestAarMetadata UP-TO-DATE
> Task :feature-account:extractDeepLinksDebug UP-TO-DATE
> Task :feature-account:generateDebugScreenshotTestResources UP-TO-DATE
> Task :feature-account:processDebugManifest UP-TO-DATE
> Task :feature-account:mergeDebugScreenshotTestManifest UP-TO-DATE
> Task :feature-account:processDebugScreenshotTestManifest UP-TO-DATE
> Task :feature-account:javaPreCompileDebugScreenshotTest UP-TO-DATE
> Task :feature-account:generateDebugScreenshotTestAssets UP-TO-DATE
> Task :feature-account:generateDebugAssets UP-TO-DATE
> Task :feature-account:mergeDebugAssets UP-TO-DATE
> Task :feature-account:mergeDebugScreenshotTestAssets UP-TO-DATE
> Task :feature-activity:preBuild UP-TO-DATE
> Task :feature-activity:preDebugBuild UP-TO-DATE
> Task :feature-activity:generateDebugResources UP-TO-DATE
> Task :feature-activity:packageDebugResources UP-TO-DATE
> Task :feature-activity:processDebugNavigationResources UP-TO-DATE
> Task :feature-activity:parseDebugLocalResources UP-TO-DATE
> Task :feature-activity:generateDebugRFile UP-TO-DATE
> Task :feature-account:mergeDebugScreenshotTestResources UP-TO-DATE
> Task :feature-activity:compileDebugKotlin UP-TO-DATE
> Task :feature-activity:javaPreCompileDebug UP-TO-DATE
> Task :feature-activity:compileDebugJavaWithJavac NO-SOURCE
> Task :feature-activity:bundleLibCompileToJarDebug UP-TO-DATE
> Task :feature-activity:bundleLibRuntimeToJarDebug UP-TO-DATE
> Task :feature-activity:preDebugScreenshotTestBuild UP-TO-DATE
> Task :feature-activity:writeDebugAarMetadata UP-TO-DATE
> Task :feature-activity:checkDebugScreenshotTestAarMetadata UP-TO-DATE
> Task :feature-activity:mapDebugSourceSetPaths UP-TO-DATE
> Task :feature-activity:compileDebugLibraryResources UP-TO-DATE
> Task :feature-activity:mapDebugScreenshotTestSourceSetPaths UP-TO-DATE
> Task :feature-activity:generateDebugScreenshotTestResources UP-TO-DATE
> Task :feature-activity:mergeDebugScreenshotTestResources UP-TO-DATE
> Task :feature-activity:extractDeepLinksDebug UP-TO-DATE
> Task :feature-activity:processDebugManifest UP-TO-DATE
> Task :feature-activity:mergeDebugScreenshotTestManifest UP-TO-DATE
> Task :feature-activity:processDebugScreenshotTestManifest UP-TO-DATE
> Task :designsystem:processDebugScreenshotTestResources UP-TO-DATE
> Task :feature-activity:processDebugScreenshotTestResources UP-TO-DATE
> Task :feature-account:processDebugScreenshotTestResources UP-TO-DATE
> Task :designsystem:packageDebugScreenshotTestForScreenshotTest UP-TO-DATE
> Task :feature-account:packageDebugScreenshotTestForScreenshotTest UP-TO-DATE
> Task :designsystem:compileDebugScreenshotTestKotlin UP-TO-DATE
> Task :feature-account:compileDebugScreenshotTestKotlin UP-TO-DATE
> Task :feature-account:compileDebugScreenshotTestJavaWithJavac NO-SOURCE
> Task :designsystem:compileDebugScreenshotTestJavaWithJavac NO-SOURCE
> Task :feature-activity:compileDebugScreenshotTestKotlin UP-TO-DATE
> Task :feature-activity:javaPreCompileDebugScreenshotTest UP-TO-DATE
> Task :feature-activity:compileDebugScreenshotTestJavaWithJavac NO-SOURCE
> Task :feature-activity:generateDebugScreenshotTestAssets UP-TO-DATE
> Task :feature-activity:generateDebugAssets UP-TO-DATE
> Task :feature-activity:mergeDebugAssets UP-TO-DATE
> Task :feature-activity:mergeDebugScreenshotTestAssets UP-TO-DATE
> Task :feature-activity:packageDebugScreenshotTestForScreenshotTest UP-TO-DATE
> Task :designsystem:updateDebugScreenshotTest
> Task :feature-alerts:preBuild UP-TO-DATE
> Task :feature-alerts:preDebugBuild UP-TO-DATE
> Task :feature-alerts:generateDebugResources UP-TO-DATE
> Task :feature-alerts:packageDebugResources UP-TO-DATE
> Task :feature-alerts:processDebugNavigationResources UP-TO-DATE
> Task :feature-alerts:parseDebugLocalResources UP-TO-DATE
> Task :feature-alerts:generateDebugRFile UP-TO-DATE
> Task :feature-alerts:compileDebugKotlin UP-TO-DATE
> Task :feature-alerts:javaPreCompileDebug UP-TO-DATE
> Task :feature-alerts:compileDebugJavaWithJavac NO-SOURCE
> Task :feature-alerts:bundleLibCompileToJarDebug UP-TO-DATE
> Task :feature-alerts:bundleLibRuntimeToJarDebug UP-TO-DATE
> Task :feature-alerts:preDebugScreenshotTestBuild UP-TO-DATE
> Task :feature-alerts:writeDebugAarMetadata UP-TO-DATE
> Task :feature-alerts:checkDebugScreenshotTestAarMetadata UP-TO-DATE
> Task :feature-alerts:mapDebugSourceSetPaths UP-TO-DATE
> Task :feature-alerts:compileDebugLibraryResources UP-TO-DATE
> Task :feature-alerts:mapDebugScreenshotTestSourceSetPaths UP-TO-DATE
> Task :feature-alerts:generateDebugScreenshotTestResources UP-TO-DATE
> Task :feature-alerts:mergeDebugScreenshotTestResources UP-TO-DATE
> Task :feature-alerts:extractDeepLinksDebug UP-TO-DATE
> Task :feature-alerts:processDebugManifest UP-TO-DATE
> Task :feature-alerts:mergeDebugScreenshotTestManifest UP-TO-DATE
> Task :feature-alerts:processDebugScreenshotTestManifest UP-TO-DATE
> Task :feature-alerts:processDebugScreenshotTestResources UP-TO-DATE
> Task :feature-alerts:compileDebugScreenshotTestKotlin UP-TO-DATE
> Task :feature-alerts:javaPreCompileDebugScreenshotTest UP-TO-DATE
> Task :feature-alerts:compileDebugScreenshotTestJavaWithJavac NO-SOURCE
> Task :feature-alerts:generateDebugScreenshotTestAssets UP-TO-DATE
> Task :feature-alerts:generateDebugAssets UP-TO-DATE
> Task :feature-alerts:mergeDebugAssets UP-TO-DATE
> Task :feature-alerts:mergeDebugScreenshotTestAssets UP-TO-DATE
> Task :feature-alerts:packageDebugScreenshotTestForScreenshotTest UP-TO-DATE
> Task :feature-account:updateDebugScreenshotTest
> Task :feature-billing:preBuild UP-TO-DATE
> Task :feature-billing:preDebugBuild UP-TO-DATE
> Task :feature-billing:generateDebugResources UP-TO-DATE
> Task :feature-billing:packageDebugResources UP-TO-DATE
> Task :feature-billing:processDebugNavigationResources UP-TO-DATE
> Task :feature-billing:parseDebugLocalResources UP-TO-DATE
> Task :feature-billing:generateDebugRFile UP-TO-DATE
> Task :feature-billing:compileDebugKotlin UP-TO-DATE
> Task :feature-billing:javaPreCompileDebug UP-TO-DATE
> Task :feature-billing:compileDebugJavaWithJavac NO-SOURCE
> Task :feature-billing:bundleLibCompileToJarDebug UP-TO-DATE
> Task :feature-billing:bundleLibRuntimeToJarDebug UP-TO-DATE
> Task :feature-billing:preDebugScreenshotTestBuild UP-TO-DATE
> Task :feature-billing:writeDebugAarMetadata UP-TO-DATE
> Task :feature-billing:checkDebugScreenshotTestAarMetadata UP-TO-DATE
> Task :feature-billing:mapDebugSourceSetPaths UP-TO-DATE
> Task :feature-billing:compileDebugLibraryResources UP-TO-DATE
> Task :feature-billing:mapDebugScreenshotTestSourceSetPaths UP-TO-DATE
> Task :feature-billing:generateDebugScreenshotTestResources UP-TO-DATE
> Task :feature-billing:mergeDebugScreenshotTestResources UP-TO-DATE
> Task :feature-billing:extractDeepLinksDebug UP-TO-DATE
> Task :feature-billing:processDebugManifest UP-TO-DATE
> Task :feature-billing:mergeDebugScreenshotTestManifest UP-TO-DATE
> Task :feature-billing:processDebugScreenshotTestManifest UP-TO-DATE
> Task :feature-billing:processDebugScreenshotTestResources UP-TO-DATE
> Task :feature-billing:compileDebugScreenshotTestKotlin UP-TO-DATE
> Task :feature-billing:javaPreCompileDebugScreenshotTest UP-TO-DATE
> Task :feature-billing:compileDebugScreenshotTestJavaWithJavac NO-SOURCE
> Task :feature-billing:generateDebugScreenshotTestAssets UP-TO-DATE
> Task :feature-billing:generateDebugAssets UP-TO-DATE
> Task :feature-billing:mergeDebugAssets UP-TO-DATE
> Task :feature-billing:mergeDebugScreenshotTestAssets UP-TO-DATE
> Task :feature-billing:packageDebugScreenshotTestForScreenshotTest UP-TO-DATE
> Task :feature-activity:updateDebugScreenshotTest
> Task :feature-alerts:updateDebugScreenshotTest
> Task :feature-calendar:preBuild UP-TO-DATE
> Task :feature-calendar:preDebugBuild UP-TO-DATE
> Task :feature-calendar:generateDebugResources UP-TO-DATE
> Task :feature-calendar:packageDebugResources UP-TO-DATE
> Task :feature-calendar:processDebugNavigationResources UP-TO-DATE
> Task :feature-calendar:parseDebugLocalResources UP-TO-DATE
> Task :feature-calendar:generateDebugRFile UP-TO-DATE
> Task :feature-calendar:compileDebugKotlin UP-TO-DATE
> Task :feature-calendar:javaPreCompileDebug UP-TO-DATE
> Task :feature-calendar:compileDebugJavaWithJavac NO-SOURCE
> Task :feature-calendar:bundleLibCompileToJarDebug UP-TO-DATE
> Task :feature-calendar:bundleLibRuntimeToJarDebug UP-TO-DATE
> Task :feature-calendar:preDebugScreenshotTestBuild UP-TO-DATE
> Task :feature-calendar:writeDebugAarMetadata UP-TO-DATE
> Task :feature-calendar:checkDebugScreenshotTestAarMetadata UP-TO-DATE
> Task :feature-calendar:mapDebugSourceSetPaths UP-TO-DATE
> Task :feature-calendar:compileDebugLibraryResources UP-TO-DATE
> Task :feature-calendar:mapDebugScreenshotTestSourceSetPaths UP-TO-DATE
> Task :feature-calendar:generateDebugScreenshotTestResources UP-TO-DATE
> Task :feature-calendar:mergeDebugScreenshotTestResources UP-TO-DATE
> Task :feature-calendar:extractDeepLinksDebug UP-TO-DATE
> Task :feature-calendar:processDebugManifest UP-TO-DATE
> Task :feature-calendar:mergeDebugScreenshotTestManifest UP-TO-DATE
> Task :feature-calendar:processDebugScreenshotTestManifest UP-TO-DATE
> Task :feature-calendar:processDebugScreenshotTestResources UP-TO-DATE
> Task :feature-calendar:compileDebugScreenshotTestKotlin UP-TO-DATE
> Task :feature-calendar:javaPreCompileDebugScreenshotTest UP-TO-DATE
> Task :feature-calendar:compileDebugScreenshotTestJavaWithJavac NO-SOURCE
> Task :feature-calendar:generateDebugScreenshotTestAssets UP-TO-DATE
> Task :feature-calendar:generateDebugAssets UP-TO-DATE
> Task :feature-calendar:mergeDebugAssets UP-TO-DATE
> Task :feature-calendar:mergeDebugScreenshotTestAssets UP-TO-DATE
> Task :feature-calendar:packageDebugScreenshotTestForScreenshotTest UP-TO-DATE
> Task :feature-catalog:preBuild UP-TO-DATE
> Task :feature-catalog:preDebugBuild UP-TO-DATE
> Task :feature-catalog:generateDebugResources UP-TO-DATE
> Task :feature-catalog:packageDebugResources UP-TO-DATE
> Task :feature-catalog:processDebugNavigationResources UP-TO-DATE
> Task :feature-catalog:parseDebugLocalResources UP-TO-DATE
> Task :feature-catalog:generateDebugRFile UP-TO-DATE
> Task :feature-catalog:compileDebugKotlin UP-TO-DATE
> Task :feature-catalog:javaPreCompileDebug UP-TO-DATE
> Task :feature-catalog:compileDebugJavaWithJavac NO-SOURCE
> Task :feature-catalog:bundleLibCompileToJarDebug UP-TO-DATE
> Task :feature-catalog:bundleLibRuntimeToJarDebug UP-TO-DATE
> Task :feature-catalog:preDebugScreenshotTestBuild UP-TO-DATE
> Task :feature-catalog:writeDebugAarMetadata UP-TO-DATE
> Task :feature-catalog:checkDebugScreenshotTestAarMetadata UP-TO-DATE
> Task :feature-catalog:mapDebugSourceSetPaths UP-TO-DATE
> Task :feature-catalog:compileDebugLibraryResources UP-TO-DATE
> Task :feature-catalog:mapDebugScreenshotTestSourceSetPaths UP-TO-DATE
> Task :feature-catalog:generateDebugScreenshotTestResources UP-TO-DATE
> Task :feature-catalog:mergeDebugScreenshotTestResources UP-TO-DATE
> Task :feature-catalog:extractDeepLinksDebug UP-TO-DATE
> Task :feature-catalog:processDebugManifest UP-TO-DATE
> Task :feature-catalog:mergeDebugScreenshotTestManifest UP-TO-DATE
> Task :feature-catalog:processDebugScreenshotTestManifest UP-TO-DATE
> Task :feature-catalog:processDebugScreenshotTestResources UP-TO-DATE
> Task :feature-catalog:compileDebugScreenshotTestKotlin UP-TO-DATE
> Task :feature-catalog:javaPreCompileDebugScreenshotTest UP-TO-DATE
> Task :feature-catalog:compileDebugScreenshotTestJavaWithJavac NO-SOURCE
> Task :feature-catalog:generateDebugScreenshotTestAssets UP-TO-DATE
> Task :feature-catalog:generateDebugAssets UP-TO-DATE
> Task :feature-catalog:mergeDebugAssets UP-TO-DATE
> Task :feature-catalog:mergeDebugScreenshotTestAssets UP-TO-DATE
> Task :feature-catalog:packageDebugScreenshotTestForScreenshotTest UP-TO-DATE
> Task :feature-billing:updateDebugScreenshotTest
> Task :feature-checkout:preBuild UP-TO-DATE
> Task :feature-checkout:preDebugBuild UP-TO-DATE
> Task :feature-checkout:generateDebugResources UP-TO-DATE
> Task :feature-checkout:packageDebugResources UP-TO-DATE
> Task :feature-checkout:processDebugNavigationResources UP-TO-DATE
> Task :feature-checkout:parseDebugLocalResources UP-TO-DATE
> Task :feature-checkout:generateDebugRFile UP-TO-DATE
> Task :feature-checkout:compileDebugKotlin UP-TO-DATE
> Task :feature-checkout:javaPreCompileDebug UP-TO-DATE
> Task :feature-checkout:compileDebugJavaWithJavac NO-SOURCE
> Task :feature-checkout:bundleLibCompileToJarDebug UP-TO-DATE
> Task :feature-checkout:bundleLibRuntimeToJarDebug UP-TO-DATE
> Task :feature-checkout:preDebugScreenshotTestBuild UP-TO-DATE
> Task :feature-checkout:writeDebugAarMetadata UP-TO-DATE
> Task :feature-checkout:checkDebugScreenshotTestAarMetadata UP-TO-DATE
> Task :feature-checkout:mapDebugSourceSetPaths UP-TO-DATE
> Task :feature-checkout:compileDebugLibraryResources UP-TO-DATE
> Task :feature-checkout:mapDebugScreenshotTestSourceSetPaths UP-TO-DATE
> Task :feature-checkout:generateDebugScreenshotTestResources UP-TO-DATE
> Task :feature-checkout:mergeDebugScreenshotTestResources UP-TO-DATE
> Task :feature-checkout:extractDeepLinksDebug UP-TO-DATE
> Task :feature-checkout:processDebugManifest UP-TO-DATE
> Task :feature-checkout:mergeDebugScreenshotTestManifest UP-TO-DATE
> Task :feature-checkout:processDebugScreenshotTestManifest UP-TO-DATE
> Task :feature-checkout:processDebugScreenshotTestResources UP-TO-DATE
> Task :feature-checkout:compileDebugScreenshotTestKotlin UP-TO-DATE
> Task :feature-checkout:javaPreCompileDebugScreenshotTest UP-TO-DATE
> Task :feature-checkout:compileDebugScreenshotTestJavaWithJavac NO-SOURCE
> Task :feature-checkout:generateDebugScreenshotTestAssets UP-TO-DATE
> Task :feature-checkout:generateDebugAssets UP-TO-DATE
> Task :feature-checkout:mergeDebugAssets UP-TO-DATE
> Task :feature-checkout:mergeDebugScreenshotTestAssets UP-TO-DATE
> Task :feature-checkout:packageDebugScreenshotTestForScreenshotTest UP-TO-DATE
> Task :feature-calendar:updateDebugScreenshotTest
> Task :feature-devices:preBuild UP-TO-DATE
> Task :feature-devices:preDebugBuild UP-TO-DATE
> Task :feature-devices:generateDebugResources UP-TO-DATE
> Task :feature-devices:packageDebugResources UP-TO-DATE
> Task :feature-devices:processDebugNavigationResources UP-TO-DATE
> Task :feature-devices:parseDebugLocalResources UP-TO-DATE
> Task :feature-devices:generateDebugRFile UP-TO-DATE
> Task :feature-devices:compileDebugKotlin UP-TO-DATE
> Task :feature-devices:javaPreCompileDebug UP-TO-DATE
> Task :feature-devices:compileDebugJavaWithJavac NO-SOURCE
> Task :feature-devices:bundleLibCompileToJarDebug UP-TO-DATE
> Task :feature-devices:bundleLibRuntimeToJarDebug UP-TO-DATE
> Task :feature-devices:preDebugScreenshotTestBuild UP-TO-DATE
> Task :feature-devices:writeDebugAarMetadata UP-TO-DATE
> Task :feature-devices:checkDebugScreenshotTestAarMetadata UP-TO-DATE
> Task :feature-devices:mapDebugSourceSetPaths UP-TO-DATE
> Task :feature-devices:compileDebugLibraryResources UP-TO-DATE
> Task :feature-devices:mapDebugScreenshotTestSourceSetPaths UP-TO-DATE
> Task :feature-devices:generateDebugScreenshotTestResources UP-TO-DATE
> Task :feature-devices:mergeDebugScreenshotTestResources UP-TO-DATE
> Task :feature-devices:extractDeepLinksDebug UP-TO-DATE
> Task :feature-devices:processDebugManifest UP-TO-DATE
> Task :feature-devices:mergeDebugScreenshotTestManifest UP-TO-DATE
> Task :feature-devices:processDebugScreenshotTestManifest UP-TO-DATE
> Task :feature-devices:processDebugScreenshotTestResources UP-TO-DATE
> Task :feature-devices:compileDebugScreenshotTestKotlin UP-TO-DATE
> Task :feature-devices:javaPreCompileDebugScreenshotTest UP-TO-DATE
> Task :feature-devices:compileDebugScreenshotTestJavaWithJavac NO-SOURCE
> Task :feature-devices:generateDebugScreenshotTestAssets UP-TO-DATE
> Task :feature-devices:generateDebugAssets UP-TO-DATE
> Task :feature-devices:mergeDebugAssets UP-TO-DATE
> Task :feature-devices:mergeDebugScreenshotTestAssets UP-TO-DATE
> Task :feature-devices:packageDebugScreenshotTestForScreenshotTest UP-TO-DATE
> Task :feature-catalog:updateDebugScreenshotTest
> Task :feature-discover:preBuild UP-TO-DATE
> Task :feature-discover:preDebugBuild UP-TO-DATE
> Task :feature-discover:generateDebugResources UP-TO-DATE
> Task :feature-discover:packageDebugResources UP-TO-DATE
> Task :feature-discover:processDebugNavigationResources UP-TO-DATE
> Task :feature-discover:parseDebugLocalResources UP-TO-DATE
> Task :feature-discover:generateDebugRFile UP-TO-DATE
> Task :feature-discover:compileDebugKotlin UP-TO-DATE
> Task :feature-discover:javaPreCompileDebug UP-TO-DATE
> Task :feature-discover:compileDebugJavaWithJavac NO-SOURCE
> Task :feature-discover:bundleLibCompileToJarDebug UP-TO-DATE
> Task :feature-discover:bundleLibRuntimeToJarDebug UP-TO-DATE
> Task :feature-discover:preDebugScreenshotTestBuild UP-TO-DATE
> Task :feature-discover:writeDebugAarMetadata UP-TO-DATE
> Task :feature-discover:checkDebugScreenshotTestAarMetadata UP-TO-DATE
> Task :feature-discover:mapDebugSourceSetPaths UP-TO-DATE
> Task :feature-discover:compileDebugLibraryResources UP-TO-DATE
> Task :feature-discover:mapDebugScreenshotTestSourceSetPaths UP-TO-DATE
> Task :feature-discover:generateDebugScreenshotTestResources UP-TO-DATE
> Task :feature-discover:mergeDebugScreenshotTestResources UP-TO-DATE
> Task :feature-discover:extractDeepLinksDebug UP-TO-DATE
> Task :feature-discover:processDebugManifest UP-TO-DATE
> Task :feature-discover:mergeDebugScreenshotTestManifest UP-TO-DATE
> Task :feature-discover:processDebugScreenshotTestManifest UP-TO-DATE
> Task :feature-discover:processDebugScreenshotTestResources UP-TO-DATE
> Task :feature-discover:compileDebugScreenshotTestKotlin UP-TO-DATE
> Task :feature-discover:javaPreCompileDebugScreenshotTest UP-TO-DATE
> Task :feature-discover:compileDebugScreenshotTestJavaWithJavac NO-SOURCE
> Task :feature-discover:generateDebugScreenshotTestAssets UP-TO-DATE
> Task :feature-discover:generateDebugAssets UP-TO-DATE
> Task :feature-discover:mergeDebugAssets UP-TO-DATE
> Task :feature-discover:mergeDebugScreenshotTestAssets UP-TO-DATE
> Task :feature-discover:packageDebugScreenshotTestForScreenshotTest UP-TO-DATE
> Task :feature-checkout:updateDebugScreenshotTest
> Task :feature-devices:updateDebugScreenshotTest
> Task :feature-finance:preBuild UP-TO-DATE
> Task :feature-finance:preDebugBuild UP-TO-DATE
> Task :feature-finance:generateDebugResources UP-TO-DATE
> Task :feature-finance:packageDebugResources UP-TO-DATE
> Task :feature-finance:processDebugNavigationResources UP-TO-DATE
> Task :feature-finance:parseDebugLocalResources UP-TO-DATE
> Task :feature-finance:generateDebugRFile UP-TO-DATE
> Task :feature-finance:compileDebugKotlin UP-TO-DATE
> Task :feature-finance:javaPreCompileDebug UP-TO-DATE
> Task :feature-finance:compileDebugJavaWithJavac NO-SOURCE
> Task :feature-finance:bundleLibCompileToJarDebug UP-TO-DATE
> Task :feature-finance:bundleLibRuntimeToJarDebug UP-TO-DATE
> Task :feature-finance:preDebugScreenshotTestBuild UP-TO-DATE
> Task :feature-finance:writeDebugAarMetadata UP-TO-DATE
> Task :feature-finance:checkDebugScreenshotTestAarMetadata UP-TO-DATE
> Task :feature-finance:mapDebugSourceSetPaths UP-TO-DATE
> Task :feature-finance:compileDebugLibraryResources UP-TO-DATE
> Task :feature-finance:mapDebugScreenshotTestSourceSetPaths UP-TO-DATE
> Task :feature-finance:generateDebugScreenshotTestResources UP-TO-DATE
> Task :feature-finance:mergeDebugScreenshotTestResources UP-TO-DATE
> Task :feature-finance:extractDeepLinksDebug UP-TO-DATE
> Task :feature-finance:processDebugManifest UP-TO-DATE
> Task :feature-finance:mergeDebugScreenshotTestManifest UP-TO-DATE
> Task :feature-finance:processDebugScreenshotTestManifest UP-TO-DATE
> Task :feature-finance:processDebugScreenshotTestResources UP-TO-DATE
> Task :feature-finance:compileDebugScreenshotTestKotlin UP-TO-DATE
> Task :feature-finance:javaPreCompileDebugScreenshotTest UP-TO-DATE
> Task :feature-finance:compileDebugScreenshotTestJavaWithJavac NO-SOURCE
> Task :feature-finance:generateDebugScreenshotTestAssets UP-TO-DATE
> Task :feature-finance:generateDebugAssets UP-TO-DATE
> Task :feature-finance:mergeDebugAssets UP-TO-DATE
> Task :feature-finance:mergeDebugScreenshotTestAssets UP-TO-DATE
> Task :feature-finance:packageDebugScreenshotTestForScreenshotTest UP-TO-DATE
> Task :feature-discover:updateDebugScreenshotTest
> Task :feature-fitness:preBuild UP-TO-DATE
> Task :feature-fitness:preDebugBuild UP-TO-DATE
> Task :feature-fitness:generateDebugResources UP-TO-DATE
> Task :feature-fitness:packageDebugResources UP-TO-DATE
> Task :feature-fitness:processDebugNavigationResources UP-TO-DATE
> Task :feature-fitness:parseDebugLocalResources UP-TO-DATE
> Task :feature-fitness:generateDebugRFile UP-TO-DATE
> Task :feature-fitness:compileDebugKotlin UP-TO-DATE
> Task :feature-fitness:javaPreCompileDebug UP-TO-DATE
> Task :feature-fitness:compileDebugJavaWithJavac NO-SOURCE
> Task :feature-fitness:bundleLibCompileToJarDebug UP-TO-DATE
> Task :feature-fitness:bundleLibRuntimeToJarDebug UP-TO-DATE
> Task :feature-fitness:preDebugScreenshotTestBuild UP-TO-DATE
> Task :feature-fitness:writeDebugAarMetadata UP-TO-DATE
> Task :feature-fitness:checkDebugScreenshotTestAarMetadata UP-TO-DATE
> Task :feature-fitness:mapDebugSourceSetPaths UP-TO-DATE
> Task :feature-fitness:compileDebugLibraryResources UP-TO-DATE
> Task :feature-fitness:mapDebugScreenshotTestSourceSetPaths UP-TO-DATE
> Task :feature-fitness:generateDebugScreenshotTestResources UP-TO-DATE
> Task :feature-fitness:mergeDebugScreenshotTestResources UP-TO-DATE
> Task :feature-fitness:extractDeepLinksDebug UP-TO-DATE
> Task :feature-fitness:processDebugManifest UP-TO-DATE
> Task :feature-fitness:mergeDebugScreenshotTestManifest UP-TO-DATE
> Task :feature-fitness:processDebugScreenshotTestManifest UP-TO-DATE
> Task :feature-fitness:processDebugScreenshotTestResources UP-TO-DATE
> Task :feature-fitness:compileDebugScreenshotTestKotlin UP-TO-DATE
> Task :feature-fitness:javaPreCompileDebugScreenshotTest UP-TO-DATE
> Task :feature-fitness:compileDebugScreenshotTestJavaWithJavac NO-SOURCE
> Task :feature-fitness:generateDebugScreenshotTestAssets UP-TO-DATE
> Task :feature-fitness:generateDebugAssets UP-TO-DATE
> Task :feature-fitness:mergeDebugAssets UP-TO-DATE
> Task :feature-fitness:mergeDebugScreenshotTestAssets UP-TO-DATE
> Task :feature-fitness:packageDebugScreenshotTestForScreenshotTest UP-TO-DATE
> Task :feature-gallery:preBuild UP-TO-DATE
> Task :feature-gallery:preDebugBuild UP-TO-DATE
> Task :feature-gallery:generateDebugResources UP-TO-DATE
> Task :feature-gallery:packageDebugResources UP-TO-DATE
> Task :feature-gallery:processDebugNavigationResources UP-TO-DATE
> Task :feature-gallery:parseDebugLocalResources UP-TO-DATE
> Task :feature-gallery:generateDebugRFile UP-TO-DATE
> Task :feature-gallery:compileDebugKotlin UP-TO-DATE
> Task :feature-gallery:javaPreCompileDebug UP-TO-DATE
> Task :feature-gallery:compileDebugJavaWithJavac NO-SOURCE
> Task :feature-gallery:bundleLibCompileToJarDebug UP-TO-DATE
> Task :feature-gallery:bundleLibRuntimeToJarDebug UP-TO-DATE
> Task :feature-gallery:preDebugScreenshotTestBuild UP-TO-DATE
> Task :feature-gallery:writeDebugAarMetadata UP-TO-DATE
> Task :feature-gallery:checkDebugScreenshotTestAarMetadata UP-TO-DATE
> Task :feature-gallery:mapDebugSourceSetPaths UP-TO-DATE
> Task :feature-gallery:compileDebugLibraryResources UP-TO-DATE
> Task :feature-gallery:mapDebugScreenshotTestSourceSetPaths UP-TO-DATE
> Task :feature-gallery:generateDebugScreenshotTestResources UP-TO-DATE
> Task :feature-gallery:mergeDebugScreenshotTestResources UP-TO-DATE
> Task :feature-gallery:extractDeepLinksDebug UP-TO-DATE
> Task :feature-gallery:processDebugManifest UP-TO-DATE
> Task :feature-gallery:mergeDebugScreenshotTestManifest UP-TO-DATE
> Task :feature-gallery:processDebugScreenshotTestManifest UP-TO-DATE
> Task :feature-gallery:processDebugScreenshotTestResources UP-TO-DATE
> Task :feature-gallery:compileDebugScreenshotTestKotlin UP-TO-DATE
> Task :feature-gallery:javaPreCompileDebugScreenshotTest UP-TO-DATE
> Task :feature-gallery:compileDebugScreenshotTestJavaWithJavac NO-SOURCE
> Task :feature-gallery:generateDebugScreenshotTestAssets UP-TO-DATE
> Task :feature-gallery:generateDebugAssets UP-TO-DATE
> Task :feature-gallery:mergeDebugAssets UP-TO-DATE
> Task :feature-gallery:mergeDebugScreenshotTestAssets UP-TO-DATE
> Task :feature-gallery:packageDebugScreenshotTestForScreenshotTest UP-TO-DATE
> Task :feature-finance:updateDebugScreenshotTest
> Task :feature-fitness:updateDebugScreenshotTest
> Task :feature-inbox:preBuild UP-TO-DATE
> Task :feature-inbox:preDebugBuild UP-TO-DATE
> Task :feature-inbox:generateDebugResources UP-TO-DATE
> Task :feature-inbox:packageDebugResources UP-TO-DATE
> Task :feature-inbox:processDebugNavigationResources UP-TO-DATE
> Task :feature-inbox:parseDebugLocalResources UP-TO-DATE
> Task :feature-inbox:generateDebugRFile UP-TO-DATE
> Task :feature-inbox:compileDebugKotlin UP-TO-DATE
> Task :feature-inbox:javaPreCompileDebug UP-TO-DATE
> Task :feature-inbox:compileDebugJavaWithJavac NO-SOURCE
> Task :feature-inbox:bundleLibCompileToJarDebug UP-TO-DATE
> Task :feature-inbox:bundleLibRuntimeToJarDebug UP-TO-DATE
> Task :feature-inbox:preDebugScreenshotTestBuild UP-TO-DATE
> Task :feature-inbox:writeDebugAarMetadata UP-TO-DATE
> Task :feature-inbox:checkDebugScreenshotTestAarMetadata UP-TO-DATE
> Task :feature-inbox:mapDebugSourceSetPaths UP-TO-DATE
> Task :feature-inbox:compileDebugLibraryResources UP-TO-DATE
> Task :feature-inbox:mapDebugScreenshotTestSourceSetPaths UP-TO-DATE
> Task :feature-inbox:generateDebugScreenshotTestResources UP-TO-DATE
> Task :feature-inbox:mergeDebugScreenshotTestResources UP-TO-DATE
> Task :feature-inbox:extractDeepLinksDebug UP-TO-DATE
> Task :feature-inbox:processDebugManifest UP-TO-DATE
> Task :feature-inbox:mergeDebugScreenshotTestManifest UP-TO-DATE
> Task :feature-inbox:processDebugScreenshotTestManifest UP-TO-DATE
> Task :feature-inbox:processDebugScreenshotTestResources UP-TO-DATE
> Task :feature-inbox:compileDebugScreenshotTestKotlin UP-TO-DATE
> Task :feature-inbox:javaPreCompileDebugScreenshotTest UP-TO-DATE
> Task :feature-inbox:compileDebugScreenshotTestJavaWithJavac NO-SOURCE
> Task :feature-inbox:generateDebugScreenshotTestAssets UP-TO-DATE
> Task :feature-inbox:generateDebugAssets UP-TO-DATE
> Task :feature-inbox:mergeDebugAssets UP-TO-DATE
> Task :feature-inbox:mergeDebugScreenshotTestAssets UP-TO-DATE
> Task :feature-inbox:packageDebugScreenshotTestForScreenshotTest UP-TO-DATE
> Task :feature-gallery:updateDebugScreenshotTest
> Task :feature-library:preBuild UP-TO-DATE
> Task :feature-library:preDebugBuild UP-TO-DATE
> Task :feature-library:generateDebugResources UP-TO-DATE
> Task :feature-library:packageDebugResources UP-TO-DATE
> Task :feature-library:processDebugNavigationResources UP-TO-DATE
> Task :feature-library:parseDebugLocalResources UP-TO-DATE
> Task :feature-library:generateDebugRFile UP-TO-DATE
> Task :feature-library:compileDebugKotlin UP-TO-DATE
> Task :feature-library:javaPreCompileDebug UP-TO-DATE
> Task :feature-library:compileDebugJavaWithJavac NO-SOURCE
> Task :feature-library:bundleLibCompileToJarDebug UP-TO-DATE
> Task :feature-library:bundleLibRuntimeToJarDebug UP-TO-DATE
> Task :feature-library:preDebugScreenshotTestBuild UP-TO-DATE
> Task :feature-library:writeDebugAarMetadata UP-TO-DATE
> Task :feature-library:checkDebugScreenshotTestAarMetadata UP-TO-DATE
> Task :feature-library:mapDebugSourceSetPaths UP-TO-DATE
> Task :feature-library:compileDebugLibraryResources UP-TO-DATE
> Task :feature-library:mapDebugScreenshotTestSourceSetPaths UP-TO-DATE
> Task :feature-library:generateDebugScreenshotTestResources UP-TO-DATE
> Task :feature-library:mergeDebugScreenshotTestResources UP-TO-DATE
> Task :feature-library:extractDeepLinksDebug UP-TO-DATE
> Task :feature-library:processDebugManifest UP-TO-DATE
> Task :feature-library:mergeDebugScreenshotTestManifest UP-TO-DATE
> Task :feature-library:processDebugScreenshotTestManifest UP-TO-DATE
> Task :feature-library:processDebugScreenshotTestResources UP-TO-DATE
> Task :feature-library:compileDebugScreenshotTestKotlin UP-TO-DATE
> Task :feature-library:javaPreCompileDebugScreenshotTest UP-TO-DATE
> Task :feature-library:compileDebugScreenshotTestJavaWithJavac NO-SOURCE
> Task :feature-library:generateDebugScreenshotTestAssets UP-TO-DATE
> Task :feature-library:generateDebugAssets UP-TO-DATE
> Task :feature-library:mergeDebugAssets UP-TO-DATE
> Task :feature-library:mergeDebugScreenshotTestAssets UP-TO-DATE
> Task :feature-library:packageDebugScreenshotTestForScreenshotTest UP-TO-DATE
> Task :feature-media:preBuild UP-TO-DATE
> Task :feature-media:preDebugBuild UP-TO-DATE
> Task :feature-media:generateDebugResources UP-TO-DATE
> Task :feature-media:packageDebugResources UP-TO-DATE
> Task :feature-media:processDebugNavigationResources UP-TO-DATE
> Task :feature-media:parseDebugLocalResources UP-TO-DATE
> Task :feature-media:generateDebugRFile UP-TO-DATE
> Task :feature-media:compileDebugKotlin UP-TO-DATE
> Task :feature-media:javaPreCompileDebug UP-TO-DATE
> Task :feature-media:compileDebugJavaWithJavac NO-SOURCE
> Task :feature-media:bundleLibCompileToJarDebug UP-TO-DATE
> Task :feature-media:bundleLibRuntimeToJarDebug UP-TO-DATE
> Task :feature-media:preDebugScreenshotTestBuild UP-TO-DATE
> Task :feature-media:writeDebugAarMetadata UP-TO-DATE
> Task :feature-media:checkDebugScreenshotTestAarMetadata UP-TO-DATE
> Task :feature-media:mapDebugSourceSetPaths UP-TO-DATE
> Task :feature-media:compileDebugLibraryResources UP-TO-DATE
> Task :feature-media:mapDebugScreenshotTestSourceSetPaths UP-TO-DATE
> Task :feature-media:generateDebugScreenshotTestResources UP-TO-DATE
> Task :feature-media:mergeDebugScreenshotTestResources UP-TO-DATE
> Task :feature-media:extractDeepLinksDebug UP-TO-DATE
> Task :feature-media:processDebugManifest UP-TO-DATE
> Task :feature-media:mergeDebugScreenshotTestManifest UP-TO-DATE
> Task :feature-media:processDebugScreenshotTestManifest UP-TO-DATE
> Task :feature-media:processDebugScreenshotTestResources UP-TO-DATE
> Task :feature-media:compileDebugScreenshotTestKotlin UP-TO-DATE
> Task :feature-media:javaPreCompileDebugScreenshotTest UP-TO-DATE
> Task :feature-media:compileDebugScreenshotTestJavaWithJavac NO-SOURCE
> Task :feature-media:generateDebugScreenshotTestAssets UP-TO-DATE
> Task :feature-media:generateDebugAssets UP-TO-DATE
> Task :feature-media:mergeDebugAssets UP-TO-DATE
> Task :feature-media:mergeDebugScreenshotTestAssets UP-TO-DATE
> Task :feature-media:packageDebugScreenshotTestForScreenshotTest UP-TO-DATE
> Task :feature-inbox:updateDebugScreenshotTest
> Task :feature-library:updateDebugScreenshotTest
> Task :feature-messages:preBuild UP-TO-DATE
> Task :feature-messages:preDebugBuild UP-TO-DATE
> Task :feature-messages:generateDebugResources UP-TO-DATE
> Task :feature-messages:packageDebugResources UP-TO-DATE
> Task :feature-messages:processDebugNavigationResources UP-TO-DATE
> Task :feature-messages:parseDebugLocalResources UP-TO-DATE
> Task :feature-messages:generateDebugRFile UP-TO-DATE
> Task :feature-messages:compileDebugKotlin UP-TO-DATE
> Task :feature-messages:javaPreCompileDebug UP-TO-DATE
> Task :feature-messages:compileDebugJavaWithJavac NO-SOURCE
> Task :feature-messages:bundleLibCompileToJarDebug UP-TO-DATE
> Task :feature-messages:bundleLibRuntimeToJarDebug UP-TO-DATE
> Task :feature-messages:preDebugScreenshotTestBuild UP-TO-DATE
> Task :feature-messages:writeDebugAarMetadata UP-TO-DATE
> Task :feature-messages:checkDebugScreenshotTestAarMetadata UP-TO-DATE
> Task :feature-messages:mapDebugSourceSetPaths UP-TO-DATE
> Task :feature-messages:compileDebugLibraryResources UP-TO-DATE
> Task :feature-messages:mapDebugScreenshotTestSourceSetPaths UP-TO-DATE
> Task :feature-messages:generateDebugScreenshotTestResources UP-TO-DATE
> Task :feature-messages:mergeDebugScreenshotTestResources UP-TO-DATE
> Task :feature-messages:extractDeepLinksDebug UP-TO-DATE
> Task :feature-messages:processDebugManifest UP-TO-DATE
> Task :feature-messages:mergeDebugScreenshotTestManifest UP-TO-DATE
> Task :feature-messages:processDebugScreenshotTestManifest UP-TO-DATE
> Task :feature-messages:processDebugScreenshotTestResources UP-TO-DATE
> Task :feature-messages:compileDebugScreenshotTestKotlin UP-TO-DATE
> Task :feature-messages:javaPreCompileDebugScreenshotTest UP-TO-DATE
> Task :feature-messages:compileDebugScreenshotTestJavaWithJavac NO-SOURCE
> Task :feature-messages:generateDebugScreenshotTestAssets UP-TO-DATE
> Task :feature-messages:generateDebugAssets UP-TO-DATE
> Task :feature-messages:mergeDebugAssets UP-TO-DATE
> Task :feature-messages:mergeDebugScreenshotTestAssets UP-TO-DATE
> Task :feature-messages:packageDebugScreenshotTestForScreenshotTest UP-TO-DATE
> Task :feature-media:updateDebugScreenshotTest
> Task :feature-notes:preBuild UP-TO-DATE
> Task :feature-notes:preDebugBuild UP-TO-DATE
> Task :feature-notes:generateDebugResources UP-TO-DATE
> Task :feature-notes:packageDebugResources UP-TO-DATE
> Task :feature-notes:processDebugNavigationResources UP-TO-DATE
> Task :feature-notes:parseDebugLocalResources UP-TO-DATE
> Task :feature-notes:generateDebugRFile UP-TO-DATE
> Task :feature-notes:compileDebugKotlin UP-TO-DATE
> Task :feature-notes:javaPreCompileDebug UP-TO-DATE
> Task :feature-notes:compileDebugJavaWithJavac NO-SOURCE
> Task :feature-notes:bundleLibCompileToJarDebug UP-TO-DATE
> Task :feature-notes:bundleLibRuntimeToJarDebug UP-TO-DATE
> Task :feature-notes:preDebugScreenshotTestBuild UP-TO-DATE
> Task :feature-notes:writeDebugAarMetadata UP-TO-DATE
> Task :feature-notes:checkDebugScreenshotTestAarMetadata UP-TO-DATE
> Task :feature-notes:mapDebugSourceSetPaths UP-TO-DATE
> Task :feature-notes:compileDebugLibraryResources UP-TO-DATE
> Task :feature-notes:mapDebugScreenshotTestSourceSetPaths UP-TO-DATE
> Task :feature-notes:generateDebugScreenshotTestResources UP-TO-DATE
> Task :feature-notes:mergeDebugScreenshotTestResources UP-TO-DATE
> Task :feature-notes:extractDeepLinksDebug UP-TO-DATE
> Task :feature-notes:processDebugManifest UP-TO-DATE
> Task :feature-notes:mergeDebugScreenshotTestManifest UP-TO-DATE
> Task :feature-notes:processDebugScreenshotTestManifest UP-TO-DATE
> Task :feature-notes:processDebugScreenshotTestResources UP-TO-DATE
> Task :feature-notes:compileDebugScreenshotTestKotlin UP-TO-DATE
> Task :feature-notes:javaPreCompileDebugScreenshotTest UP-TO-DATE
> Task :feature-notes:compileDebugScreenshotTestJavaWithJavac NO-SOURCE
> Task :feature-notes:generateDebugScreenshotTestAssets UP-TO-DATE
> Task :feature-notes:generateDebugAssets UP-TO-DATE
> Task :feature-notes:mergeDebugAssets UP-TO-DATE
> Task :feature-notes:mergeDebugScreenshotTestAssets UP-TO-DATE
> Task :feature-notes:packageDebugScreenshotTestForScreenshotTest UP-TO-DATE
> Task :feature-onboarding:preBuild UP-TO-DATE
> Task :feature-onboarding:preDebugBuild UP-TO-DATE
> Task :feature-onboarding:generateDebugResources UP-TO-DATE
> Task :feature-onboarding:packageDebugResources UP-TO-DATE
> Task :feature-onboarding:processDebugNavigationResources UP-TO-DATE
> Task :feature-onboarding:parseDebugLocalResources UP-TO-DATE
> Task :feature-onboarding:generateDebugRFile UP-TO-DATE
> Task :feature-onboarding:compileDebugKotlin UP-TO-DATE
> Task :feature-onboarding:javaPreCompileDebug UP-TO-DATE
> Task :feature-onboarding:compileDebugJavaWithJavac NO-SOURCE
> Task :feature-onboarding:bundleLibCompileToJarDebug UP-TO-DATE
> Task :feature-onboarding:bundleLibRuntimeToJarDebug UP-TO-DATE
> Task :feature-onboarding:preDebugScreenshotTestBuild UP-TO-DATE
> Task :feature-onboarding:writeDebugAarMetadata UP-TO-DATE
> Task :feature-onboarding:checkDebugScreenshotTestAarMetadata UP-TO-DATE
> Task :feature-onboarding:mapDebugSourceSetPaths UP-TO-DATE
> Task :feature-onboarding:compileDebugLibraryResources UP-TO-DATE
> Task :feature-onboarding:mapDebugScreenshotTestSourceSetPaths UP-TO-DATE
> Task :feature-onboarding:generateDebugScreenshotTestResources UP-TO-DATE
> Task :feature-onboarding:mergeDebugScreenshotTestResources UP-TO-DATE
> Task :feature-onboarding:extractDeepLinksDebug UP-TO-DATE
> Task :feature-onboarding:processDebugManifest UP-TO-DATE
> Task :feature-onboarding:mergeDebugScreenshotTestManifest UP-TO-DATE
> Task :feature-onboarding:processDebugScreenshotTestManifest UP-TO-DATE
> Task :feature-onboarding:processDebugScreenshotTestResources UP-TO-DATE
> Task :feature-onboarding:compileDebugScreenshotTestKotlin UP-TO-DATE
> Task :feature-onboarding:javaPreCompileDebugScreenshotTest UP-TO-DATE
> Task :feature-onboarding:compileDebugScreenshotTestJavaWithJavac NO-SOURCE
> Task :feature-onboarding:generateDebugScreenshotTestAssets UP-TO-DATE
> Task :feature-onboarding:generateDebugAssets UP-TO-DATE
> Task :feature-onboarding:mergeDebugAssets UP-TO-DATE
> Task :feature-onboarding:mergeDebugScreenshotTestAssets UP-TO-DATE
> Task :feature-onboarding:packageDebugScreenshotTestForScreenshotTest UP-TO-DATE
> Task :feature-messages:updateDebugScreenshotTest
> Task :feature-orders:preBuild UP-TO-DATE
> Task :feature-orders:preDebugBuild UP-TO-DATE
> Task :feature-orders:generateDebugResources UP-TO-DATE
> Task :feature-orders:packageDebugResources UP-TO-DATE
> Task :feature-orders:processDebugNavigationResources UP-TO-DATE
> Task :feature-orders:parseDebugLocalResources UP-TO-DATE
> Task :feature-orders:generateDebugRFile UP-TO-DATE
> Task :feature-orders:compileDebugKotlin UP-TO-DATE
> Task :feature-orders:javaPreCompileDebug UP-TO-DATE
> Task :feature-orders:compileDebugJavaWithJavac NO-SOURCE
> Task :feature-orders:bundleLibCompileToJarDebug UP-TO-DATE
> Task :feature-orders:bundleLibRuntimeToJarDebug UP-TO-DATE
> Task :feature-orders:preDebugScreenshotTestBuild UP-TO-DATE
> Task :feature-orders:writeDebugAarMetadata UP-TO-DATE
> Task :feature-orders:checkDebugScreenshotTestAarMetadata UP-TO-DATE
> Task :feature-orders:mapDebugSourceSetPaths UP-TO-DATE
> Task :feature-orders:compileDebugLibraryResources UP-TO-DATE
> Task :feature-orders:mapDebugScreenshotTestSourceSetPaths UP-TO-DATE
> Task :feature-orders:generateDebugScreenshotTestResources UP-TO-DATE
> Task :feature-orders:mergeDebugScreenshotTestResources UP-TO-DATE
> Task :feature-orders:extractDeepLinksDebug UP-TO-DATE
> Task :feature-orders:processDebugManifest UP-TO-DATE
> Task :feature-orders:mergeDebugScreenshotTestManifest UP-TO-DATE
> Task :feature-orders:processDebugScreenshotTestManifest UP-TO-DATE
> Task :feature-orders:processDebugScreenshotTestResources UP-TO-DATE
> Task :feature-orders:compileDebugScreenshotTestKotlin UP-TO-DATE
> Task :feature-orders:javaPreCompileDebugScreenshotTest UP-TO-DATE
> Task :feature-orders:compileDebugScreenshotTestJavaWithJavac NO-SOURCE
> Task :feature-orders:generateDebugScreenshotTestAssets UP-TO-DATE
> Task :feature-orders:generateDebugAssets UP-TO-DATE
> Task :feature-orders:mergeDebugAssets UP-TO-DATE
> Task :feature-orders:mergeDebugScreenshotTestAssets UP-TO-DATE
> Task :feature-orders:packageDebugScreenshotTestForScreenshotTest UP-TO-DATE
> Task :feature-notes:updateDebugScreenshotTest
> Task :feature-onboarding:updateDebugScreenshotTest
> Task :feature-profile:preBuild UP-TO-DATE
> Task :feature-profile:preDebugBuild UP-TO-DATE
> Task :feature-profile:generateDebugResources UP-TO-DATE
> Task :feature-profile:packageDebugResources UP-TO-DATE
> Task :feature-profile:processDebugNavigationResources UP-TO-DATE
> Task :feature-profile:parseDebugLocalResources UP-TO-DATE
> Task :feature-profile:generateDebugRFile UP-TO-DATE
> Task :feature-profile:compileDebugKotlin UP-TO-DATE
> Task :feature-profile:javaPreCompileDebug UP-TO-DATE
> Task :feature-profile:compileDebugJavaWithJavac NO-SOURCE
> Task :feature-profile:bundleLibCompileToJarDebug UP-TO-DATE
> Task :feature-profile:bundleLibRuntimeToJarDebug UP-TO-DATE
> Task :feature-profile:preDebugScreenshotTestBuild UP-TO-DATE
> Task :feature-profile:writeDebugAarMetadata UP-TO-DATE
> Task :feature-profile:checkDebugScreenshotTestAarMetadata UP-TO-DATE
> Task :feature-profile:mapDebugSourceSetPaths UP-TO-DATE
> Task :feature-profile:compileDebugLibraryResources UP-TO-DATE
> Task :feature-profile:mapDebugScreenshotTestSourceSetPaths UP-TO-DATE
> Task :feature-profile:generateDebugScreenshotTestResources UP-TO-DATE
> Task :feature-profile:mergeDebugScreenshotTestResources UP-TO-DATE
> Task :feature-profile:extractDeepLinksDebug UP-TO-DATE
> Task :feature-profile:processDebugManifest UP-TO-DATE
> Task :feature-profile:mergeDebugScreenshotTestManifest UP-TO-DATE
> Task :feature-profile:processDebugScreenshotTestManifest UP-TO-DATE
> Task :feature-profile:processDebugScreenshotTestResources UP-TO-DATE
> Task :feature-profile:compileDebugScreenshotTestKotlin UP-TO-DATE
> Task :feature-profile:javaPreCompileDebugScreenshotTest UP-TO-DATE
> Task :feature-profile:compileDebugScreenshotTestJavaWithJavac NO-SOURCE
> Task :feature-profile:generateDebugScreenshotTestAssets UP-TO-DATE
> Task :feature-profile:generateDebugAssets UP-TO-DATE
> Task :feature-profile:mergeDebugAssets UP-TO-DATE
> Task :feature-profile:mergeDebugScreenshotTestAssets UP-TO-DATE
> Task :feature-profile:packageDebugScreenshotTestForScreenshotTest UP-TO-DATE
> Task :feature-reports:preBuild UP-TO-DATE
> Task :feature-reports:preDebugBuild UP-TO-DATE
> Task :feature-reports:generateDebugResources UP-TO-DATE
> Task :feature-reports:packageDebugResources UP-TO-DATE
> Task :feature-reports:processDebugNavigationResources UP-TO-DATE
> Task :feature-reports:parseDebugLocalResources UP-TO-DATE
> Task :feature-reports:generateDebugRFile UP-TO-DATE
> Task :feature-reports:compileDebugKotlin UP-TO-DATE
> Task :feature-reports:javaPreCompileDebug UP-TO-DATE
> Task :feature-reports:compileDebugJavaWithJavac NO-SOURCE
> Task :feature-reports:bundleLibCompileToJarDebug UP-TO-DATE
> Task :feature-reports:bundleLibRuntimeToJarDebug UP-TO-DATE
> Task :feature-reports:preDebugScreenshotTestBuild UP-TO-DATE
> Task :feature-reports:writeDebugAarMetadata UP-TO-DATE
> Task :feature-reports:checkDebugScreenshotTestAarMetadata UP-TO-DATE
> Task :feature-reports:mapDebugSourceSetPaths UP-TO-DATE
> Task :feature-reports:compileDebugLibraryResources UP-TO-DATE
> Task :feature-reports:mapDebugScreenshotTestSourceSetPaths UP-TO-DATE
> Task :feature-reports:generateDebugScreenshotTestResources UP-TO-DATE
> Task :feature-reports:mergeDebugScreenshotTestResources UP-TO-DATE
> Task :feature-reports:extractDeepLinksDebug UP-TO-DATE
> Task :feature-reports:processDebugManifest UP-TO-DATE
> Task :feature-reports:mergeDebugScreenshotTestManifest UP-TO-DATE
> Task :feature-reports:processDebugScreenshotTestManifest UP-TO-DATE
> Task :feature-reports:processDebugScreenshotTestResources UP-TO-DATE
> Task :feature-reports:compileDebugScreenshotTestKotlin UP-TO-DATE
> Task :feature-reports:javaPreCompileDebugScreenshotTest UP-TO-DATE
> Task :feature-reports:compileDebugScreenshotTestJavaWithJavac NO-SOURCE
> Task :feature-reports:generateDebugScreenshotTestAssets UP-TO-DATE
> Task :feature-reports:generateDebugAssets UP-TO-DATE
> Task :feature-reports:mergeDebugAssets UP-TO-DATE
> Task :feature-reports:mergeDebugScreenshotTestAssets UP-TO-DATE
> Task :feature-reports:packageDebugScreenshotTestForScreenshotTest UP-TO-DATE
> Task :feature-orders:updateDebugScreenshotTest
> Task :feature-profile:updateDebugScreenshotTest
> Task :feature-reports:updateDebugScreenshotTest
> Task :feature-search:preBuild UP-TO-DATE
> Task :feature-search:preDebugBuild UP-TO-DATE
> Task :feature-search:generateDebugResources UP-TO-DATE
> Task :feature-search:packageDebugResources UP-TO-DATE
> Task :feature-search:processDebugNavigationResources UP-TO-DATE
> Task :feature-search:parseDebugLocalResources UP-TO-DATE
> Task :feature-search:generateDebugRFile UP-TO-DATE
> Task :feature-search:compileDebugKotlin UP-TO-DATE
> Task :feature-search:javaPreCompileDebug UP-TO-DATE
> Task :feature-search:compileDebugJavaWithJavac NO-SOURCE
> Task :feature-search:bundleLibCompileToJarDebug UP-TO-DATE
> Task :feature-search:bundleLibRuntimeToJarDebug UP-TO-DATE
> Task :feature-search:preDebugScreenshotTestBuild UP-TO-DATE
> Task :feature-search:writeDebugAarMetadata UP-TO-DATE
> Task :feature-search:checkDebugScreenshotTestAarMetadata UP-TO-DATE
> Task :feature-search:mapDebugSourceSetPaths UP-TO-DATE
> Task :feature-search:compileDebugLibraryResources UP-TO-DATE
> Task :feature-search:mapDebugScreenshotTestSourceSetPaths UP-TO-DATE
> Task :feature-search:generateDebugScreenshotTestResources UP-TO-DATE
> Task :feature-search:mergeDebugScreenshotTestResources UP-TO-DATE
> Task :feature-search:extractDeepLinksDebug UP-TO-DATE
> Task :feature-search:processDebugManifest UP-TO-DATE
> Task :feature-search:mergeDebugScreenshotTestManifest UP-TO-DATE
> Task :feature-search:processDebugScreenshotTestManifest UP-TO-DATE
> Task :feature-search:processDebugScreenshotTestResources UP-TO-DATE
> Task :feature-search:compileDebugScreenshotTestKotlin UP-TO-DATE
> Task :feature-search:javaPreCompileDebugScreenshotTest UP-TO-DATE
> Task :feature-search:compileDebugScreenshotTestJavaWithJavac NO-SOURCE
> Task :feature-search:generateDebugScreenshotTestAssets UP-TO-DATE
> Task :feature-search:generateDebugAssets UP-TO-DATE
> Task :feature-search:mergeDebugAssets UP-TO-DATE
> Task :feature-search:mergeDebugScreenshotTestAssets UP-TO-DATE
> Task :feature-search:packageDebugScreenshotTestForScreenshotTest UP-TO-DATE
> Task :feature-settings:preBuild UP-TO-DATE
> Task :feature-settings:preDebugBuild UP-TO-DATE
> Task :feature-settings:generateDebugResources UP-TO-DATE
> Task :feature-settings:packageDebugResources UP-TO-DATE
> Task :feature-settings:processDebugNavigationResources UP-TO-DATE
> Task :feature-settings:parseDebugLocalResources UP-TO-DATE
> Task :feature-settings:generateDebugRFile UP-TO-DATE
> Task :feature-settings:compileDebugKotlin UP-TO-DATE
> Task :feature-settings:javaPreCompileDebug UP-TO-DATE
> Task :feature-settings:compileDebugJavaWithJavac NO-SOURCE
> Task :feature-settings:bundleLibCompileToJarDebug UP-TO-DATE
> Task :feature-settings:bundleLibRuntimeToJarDebug UP-TO-DATE
> Task :feature-settings:preDebugScreenshotTestBuild UP-TO-DATE
> Task :feature-settings:writeDebugAarMetadata UP-TO-DATE
> Task :feature-settings:checkDebugScreenshotTestAarMetadata UP-TO-DATE
> Task :feature-settings:mapDebugSourceSetPaths UP-TO-DATE
> Task :feature-settings:compileDebugLibraryResources UP-TO-DATE
> Task :feature-settings:mapDebugScreenshotTestSourceSetPaths UP-TO-DATE
> Task :feature-settings:generateDebugScreenshotTestResources UP-TO-DATE
> Task :feature-settings:mergeDebugScreenshotTestResources UP-TO-DATE
> Task :feature-settings:extractDeepLinksDebug UP-TO-DATE
> Task :feature-settings:processDebugManifest UP-TO-DATE
> Task :feature-settings:mergeDebugScreenshotTestManifest UP-TO-DATE
> Task :feature-settings:processDebugScreenshotTestManifest UP-TO-DATE
> Task :feature-settings:processDebugScreenshotTestResources UP-TO-DATE
> Task :feature-settings:compileDebugScreenshotTestKotlin UP-TO-DATE
> Task :feature-settings:javaPreCompileDebugScreenshotTest UP-TO-DATE
> Task :feature-settings:compileDebugScreenshotTestJavaWithJavac NO-SOURCE
> Task :feature-settings:generateDebugScreenshotTestAssets UP-TO-DATE
> Task :feature-settings:generateDebugAssets UP-TO-DATE
> Task :feature-settings:mergeDebugAssets UP-TO-DATE
> Task :feature-settings:mergeDebugScreenshotTestAssets UP-TO-DATE
> Task :feature-settings:packageDebugScreenshotTestForScreenshotTest UP-TO-DATE
> Task :feature-social:preBuild UP-TO-DATE
> Task :feature-social:preDebugBuild UP-TO-DATE
> Task :feature-social:generateDebugResources UP-TO-DATE
> Task :feature-social:packageDebugResources UP-TO-DATE
> Task :feature-social:processDebugNavigationResources UP-TO-DATE
> Task :feature-social:parseDebugLocalResources UP-TO-DATE
> Task :feature-social:generateDebugRFile UP-TO-DATE
> Task :feature-social:compileDebugKotlin UP-TO-DATE
> Task :feature-social:javaPreCompileDebug UP-TO-DATE
> Task :feature-social:compileDebugJavaWithJavac NO-SOURCE
> Task :feature-social:bundleLibCompileToJarDebug UP-TO-DATE
> Task :feature-social:bundleLibRuntimeToJarDebug UP-TO-DATE
> Task :feature-social:preDebugScreenshotTestBuild UP-TO-DATE
> Task :feature-social:writeDebugAarMetadata UP-TO-DATE
> Task :feature-social:checkDebugScreenshotTestAarMetadata UP-TO-DATE
> Task :feature-social:mapDebugSourceSetPaths UP-TO-DATE
> Task :feature-social:compileDebugLibraryResources UP-TO-DATE
> Task :feature-social:mapDebugScreenshotTestSourceSetPaths UP-TO-DATE
> Task :feature-social:generateDebugScreenshotTestResources UP-TO-DATE
> Task :feature-social:mergeDebugScreenshotTestResources UP-TO-DATE
> Task :feature-social:extractDeepLinksDebug UP-TO-DATE
> Task :feature-social:processDebugManifest UP-TO-DATE
> Task :feature-social:mergeDebugScreenshotTestManifest UP-TO-DATE
> Task :feature-social:processDebugScreenshotTestManifest UP-TO-DATE
> Task :feature-social:processDebugScreenshotTestResources UP-TO-DATE
> Task :feature-social:compileDebugScreenshotTestKotlin UP-TO-DATE
> Task :feature-social:javaPreCompileDebugScreenshotTest UP-TO-DATE
> Task :feature-social:compileDebugScreenshotTestJavaWithJavac NO-SOURCE
> Task :feature-social:generateDebugScreenshotTestAssets UP-TO-DATE
> Task :feature-social:generateDebugAssets UP-TO-DATE
> Task :feature-social:mergeDebugAssets UP-TO-DATE
> Task :feature-social:mergeDebugScreenshotTestAssets UP-TO-DATE
> Task :feature-social:packageDebugScreenshotTestForScreenshotTest UP-TO-DATE
> Task :feature-search:updateDebugScreenshotTest
> Task :feature-settings:updateDebugScreenshotTest
> Task :feature-social:updateDebugScreenshotTest
> Task :feature-storage:preBuild UP-TO-DATE
> Task :feature-storage:preDebugBuild UP-TO-DATE
> Task :feature-storage:generateDebugResources UP-TO-DATE
> Task :feature-storage:packageDebugResources UP-TO-DATE
> Task :feature-storage:processDebugNavigationResources UP-TO-DATE
> Task :feature-storage:parseDebugLocalResources UP-TO-DATE
> Task :feature-storage:generateDebugRFile UP-TO-DATE
> Task :feature-storage:compileDebugKotlin UP-TO-DATE
> Task :feature-storage:javaPreCompileDebug UP-TO-DATE
> Task :feature-storage:compileDebugJavaWithJavac NO-SOURCE
> Task :feature-storage:bundleLibCompileToJarDebug UP-TO-DATE
> Task :feature-storage:bundleLibRuntimeToJarDebug UP-TO-DATE
> Task :feature-storage:preDebugScreenshotTestBuild UP-TO-DATE
> Task :feature-storage:writeDebugAarMetadata UP-TO-DATE
> Task :feature-storage:checkDebugScreenshotTestAarMetadata UP-TO-DATE
> Task :feature-storage:mapDebugSourceSetPaths UP-TO-DATE
> Task :feature-storage:compileDebugLibraryResources UP-TO-DATE
> Task :feature-storage:mapDebugScreenshotTestSourceSetPaths UP-TO-DATE
> Task :feature-storage:generateDebugScreenshotTestResources UP-TO-DATE
> Task :feature-storage:mergeDebugScreenshotTestResources UP-TO-DATE
> Task :feature-storage:extractDeepLinksDebug UP-TO-DATE
> Task :feature-storage:processDebugManifest UP-TO-DATE
> Task :feature-storage:mergeDebugScreenshotTestManifest UP-TO-DATE
> Task :feature-storage:processDebugScreenshotTestManifest UP-TO-DATE
> Task :feature-storage:processDebugScreenshotTestResources UP-TO-DATE
> Task :feature-storage:compileDebugScreenshotTestKotlin UP-TO-DATE
> Task :feature-storage:javaPreCompileDebugScreenshotTest UP-TO-DATE
> Task :feature-storage:compileDebugScreenshotTestJavaWithJavac NO-SOURCE
> Task :feature-storage:generateDebugScreenshotTestAssets UP-TO-DATE
> Task :feature-storage:generateDebugAssets UP-TO-DATE
> Task :feature-storage:mergeDebugAssets UP-TO-DATE
> Task :feature-storage:mergeDebugScreenshotTestAssets UP-TO-DATE
> Task :feature-storage:packageDebugScreenshotTestForScreenshotTest UP-TO-DATE
> Task :feature-support:preBuild UP-TO-DATE
> Task :feature-support:preDebugBuild UP-TO-DATE
> Task :feature-support:generateDebugResources UP-TO-DATE
> Task :feature-support:packageDebugResources UP-TO-DATE
> Task :feature-support:processDebugNavigationResources UP-TO-DATE
> Task :feature-support:parseDebugLocalResources UP-TO-DATE
> Task :feature-support:generateDebugRFile UP-TO-DATE
> Task :feature-support:compileDebugKotlin UP-TO-DATE
> Task :feature-support:javaPreCompileDebug UP-TO-DATE
> Task :feature-support:compileDebugJavaWithJavac NO-SOURCE
> Task :feature-support:bundleLibCompileToJarDebug UP-TO-DATE
> Task :feature-support:bundleLibRuntimeToJarDebug UP-TO-DATE
> Task :feature-support:preDebugScreenshotTestBuild UP-TO-DATE
> Task :feature-support:writeDebugAarMetadata UP-TO-DATE
> Task :feature-support:checkDebugScreenshotTestAarMetadata UP-TO-DATE
> Task :feature-support:mapDebugSourceSetPaths UP-TO-DATE
> Task :feature-support:compileDebugLibraryResources UP-TO-DATE
> Task :feature-support:mapDebugScreenshotTestSourceSetPaths UP-TO-DATE
> Task :feature-support:generateDebugScreenshotTestResources UP-TO-DATE
> Task :feature-support:mergeDebugScreenshotTestResources UP-TO-DATE
> Task :feature-support:extractDeepLinksDebug UP-TO-DATE
> Task :feature-support:processDebugManifest UP-TO-DATE
> Task :feature-support:mergeDebugScreenshotTestManifest UP-TO-DATE
> Task :feature-support:processDebugScreenshotTestManifest UP-TO-DATE
> Task :feature-support:processDebugScreenshotTestResources UP-TO-DATE
> Task :feature-support:compileDebugScreenshotTestKotlin UP-TO-DATE
> Task :feature-support:javaPreCompileDebugScreenshotTest UP-TO-DATE
> Task :feature-support:compileDebugScreenshotTestJavaWithJavac NO-SOURCE
> Task :feature-support:generateDebugScreenshotTestAssets UP-TO-DATE
> Task :feature-support:generateDebugAssets UP-TO-DATE
> Task :feature-support:mergeDebugAssets UP-TO-DATE
> Task :feature-support:mergeDebugScreenshotTestAssets UP-TO-DATE
> Task :feature-support:packageDebugScreenshotTestForScreenshotTest UP-TO-DATE
> Task :feature-tasks:preBuild UP-TO-DATE
> Task :feature-tasks:preDebugBuild UP-TO-DATE
> Task :feature-tasks:generateDebugResources UP-TO-DATE
> Task :feature-tasks:packageDebugResources UP-TO-DATE
> Task :feature-tasks:processDebugNavigationResources UP-TO-DATE
> Task :feature-tasks:parseDebugLocalResources UP-TO-DATE
> Task :feature-tasks:generateDebugRFile UP-TO-DATE
> Task :feature-tasks:compileDebugKotlin UP-TO-DATE
> Task :feature-tasks:javaPreCompileDebug UP-TO-DATE
> Task :feature-tasks:compileDebugJavaWithJavac NO-SOURCE
> Task :feature-tasks:bundleLibCompileToJarDebug UP-TO-DATE
> Task :feature-tasks:bundleLibRuntimeToJarDebug UP-TO-DATE
> Task :feature-tasks:preDebugScreenshotTestBuild UP-TO-DATE
> Task :feature-tasks:writeDebugAarMetadata UP-TO-DATE
> Task :feature-tasks:checkDebugScreenshotTestAarMetadata UP-TO-DATE
> Task :feature-tasks:mapDebugSourceSetPaths UP-TO-DATE
> Task :feature-tasks:compileDebugLibraryResources UP-TO-DATE
> Task :feature-tasks:mapDebugScreenshotTestSourceSetPaths UP-TO-DATE
> Task :feature-tasks:generateDebugScreenshotTestResources UP-TO-DATE
> Task :feature-tasks:mergeDebugScreenshotTestResources UP-TO-DATE
> Task :feature-tasks:extractDeepLinksDebug UP-TO-DATE
> Task :feature-tasks:processDebugManifest UP-TO-DATE
> Task :feature-tasks:mergeDebugScreenshotTestManifest UP-TO-DATE
> Task :feature-tasks:processDebugScreenshotTestManifest UP-TO-DATE
> Task :feature-tasks:processDebugScreenshotTestResources UP-TO-DATE
> Task :feature-tasks:compileDebugScreenshotTestKotlin UP-TO-DATE
> Task :feature-tasks:javaPreCompileDebugScreenshotTest UP-TO-DATE
> Task :feature-tasks:compileDebugScreenshotTestJavaWithJavac NO-SOURCE
> Task :feature-tasks:generateDebugScreenshotTestAssets UP-TO-DATE
> Task :feature-tasks:generateDebugAssets UP-TO-DATE
> Task :feature-tasks:mergeDebugAssets UP-TO-DATE
> Task :feature-tasks:mergeDebugScreenshotTestAssets UP-TO-DATE
> Task :feature-tasks:packageDebugScreenshotTestForScreenshotTest UP-TO-DATE
> Task :feature-storage:updateDebugScreenshotTest
> Task :feature-support:updateDebugScreenshotTest
> Task :feature-tasks:updateDebugScreenshotTest
> Task :feature-teams:preBuild UP-TO-DATE
> Task :feature-teams:preDebugBuild UP-TO-DATE
> Task :feature-teams:generateDebugResources UP-TO-DATE
> Task :feature-teams:packageDebugResources UP-TO-DATE
> Task :feature-teams:processDebugNavigationResources UP-TO-DATE
> Task :feature-teams:parseDebugLocalResources UP-TO-DATE
> Task :feature-teams:generateDebugRFile UP-TO-DATE
> Task :feature-teams:compileDebugKotlin UP-TO-DATE
> Task :feature-teams:javaPreCompileDebug UP-TO-DATE
> Task :feature-teams:compileDebugJavaWithJavac NO-SOURCE
> Task :feature-teams:bundleLibCompileToJarDebug UP-TO-DATE
> Task :feature-teams:bundleLibRuntimeToJarDebug UP-TO-DATE
> Task :feature-teams:preDebugScreenshotTestBuild UP-TO-DATE
> Task :feature-teams:writeDebugAarMetadata UP-TO-DATE
> Task :feature-teams:checkDebugScreenshotTestAarMetadata UP-TO-DATE
> Task :feature-teams:mapDebugSourceSetPaths UP-TO-DATE
> Task :feature-teams:compileDebugLibraryResources UP-TO-DATE
> Task :feature-teams:mapDebugScreenshotTestSourceSetPaths UP-TO-DATE
> Task :feature-teams:generateDebugScreenshotTestResources UP-TO-DATE
> Task :feature-teams:mergeDebugScreenshotTestResources UP-TO-DATE
> Task :feature-teams:extractDeepLinksDebug UP-TO-DATE
> Task :feature-teams:processDebugManifest UP-TO-DATE
> Task :feature-teams:mergeDebugScreenshotTestManifest UP-TO-DATE
> Task :feature-teams:processDebugScreenshotTestManifest UP-TO-DATE
> Task :feature-teams:processDebugScreenshotTestResources UP-TO-DATE
> Task :feature-teams:compileDebugScreenshotTestKotlin UP-TO-DATE
> Task :feature-teams:javaPreCompileDebugScreenshotTest UP-TO-DATE
> Task :feature-teams:compileDebugScreenshotTestJavaWithJavac NO-SOURCE
> Task :feature-teams:generateDebugScreenshotTestAssets UP-TO-DATE
> Task :feature-teams:generateDebugAssets UP-TO-DATE
> Task :feature-teams:mergeDebugAssets UP-TO-DATE
> Task :feature-teams:mergeDebugScreenshotTestAssets UP-TO-DATE
> Task :feature-teams:packageDebugScreenshotTestForScreenshotTest UP-TO-DATE
> Task :feature-travel:preBuild UP-TO-DATE
> Task :feature-travel:preDebugBuild UP-TO-DATE
> Task :feature-travel:generateDebugResources UP-TO-DATE
> Task :feature-travel:packageDebugResources UP-TO-DATE
> Task :feature-travel:processDebugNavigationResources UP-TO-DATE
> Task :feature-travel:parseDebugLocalResources UP-TO-DATE
> Task :feature-travel:generateDebugRFile UP-TO-DATE
> Task :feature-travel:compileDebugKotlin UP-TO-DATE
> Task :feature-travel:javaPreCompileDebug UP-TO-DATE
> Task :feature-travel:compileDebugJavaWithJavac NO-SOURCE
> Task :feature-travel:bundleLibCompileToJarDebug UP-TO-DATE
> Task :feature-travel:bundleLibRuntimeToJarDebug UP-TO-DATE
> Task :feature-travel:preDebugScreenshotTestBuild UP-TO-DATE
> Task :feature-travel:writeDebugAarMetadata UP-TO-DATE
> Task :feature-travel:checkDebugScreenshotTestAarMetadata UP-TO-DATE
> Task :feature-travel:mapDebugSourceSetPaths UP-TO-DATE
> Task :feature-travel:compileDebugLibraryResources UP-TO-DATE
> Task :feature-travel:mapDebugScreenshotTestSourceSetPaths UP-TO-DATE
> Task :feature-travel:generateDebugScreenshotTestResources UP-TO-DATE
> Task :feature-travel:mergeDebugScreenshotTestResources UP-TO-DATE
> Task :feature-travel:extractDeepLinksDebug UP-TO-DATE
> Task :feature-travel:processDebugManifest UP-TO-DATE
> Task :feature-travel:mergeDebugScreenshotTestManifest UP-TO-DATE
> Task :feature-travel:processDebugScreenshotTestManifest UP-TO-DATE
> Task :feature-travel:processDebugScreenshotTestResources UP-TO-DATE
> Task :feature-travel:compileDebugScreenshotTestKotlin UP-TO-DATE
> Task :feature-travel:javaPreCompileDebugScreenshotTest UP-TO-DATE
> Task :feature-travel:compileDebugScreenshotTestJavaWithJavac NO-SOURCE
> Task :feature-travel:generateDebugScreenshotTestAssets UP-TO-DATE
> Task :feature-travel:generateDebugAssets UP-TO-DATE
> Task :feature-travel:mergeDebugAssets UP-TO-DATE
> Task :feature-travel:mergeDebugScreenshotTestAssets UP-TO-DATE
> Task :feature-travel:packageDebugScreenshotTestForScreenshotTest UP-TO-DATE
> Task :feature-teams:updateDebugScreenshotTest
> Task :feature-travel:updateDebugScreenshotTest

BUILD SUCCESSFUL in 5m 45s
810 actionable tasks: 30 executed, 780 up-to-date
Configuration cache entry reused.
