Starting a Gradle Daemon, 1 stopped Daemon could not be reused, use --status for details
Calculating task graph as no cached configuration is available for tasks: :feature-activity:updateDebugScreenshotTest --rerun

> Configure project :designsystem
WARNING: The option setting 'android.experimental.enableScreenshotTest=true' is experimental.
The current default is 'false'.
Add android.sync.suppressAgpWarnings=UNSUPPORTED_PROJECT_OPTION_USE to the gradle.properties file to suppress this warning.

> Task :feature-activity:preBuild UP-TO-DATE
> Task :designsystem:preBuild UP-TO-DATE
> Task :designsystem:generateDebugAssets UP-TO-DATE
> Task :feature-activity:generateDebugScreenshotTestAssets UP-TO-DATE
> Task :feature-activity:generateDebugAssets UP-TO-DATE
> Task :feature-activity:preDebugBuild UP-TO-DATE
> Task :designsystem:preDebugBuild UP-TO-DATE
> Task :feature-activity:preDebugScreenshotTestBuild UP-TO-DATE
> Task :feature-activity:javaPreCompileDebug UP-TO-DATE
> Task :designsystem:extractDeepLinksDebug UP-TO-DATE
> Task :designsystem:writeDebugAarMetadata UP-TO-DATE
> Task :designsystem:mapDebugSourceSetPaths UP-TO-DATE
> Task :feature-activity:generateDebugResources UP-TO-DATE
> Task :designsystem:javaPreCompileDebug UP-TO-DATE
> Task :designsystem:processDebugNavigationResources UP-TO-DATE
> Task :feature-activity:extractDeepLinksDebug UP-TO-DATE
> Task :feature-activity:writeDebugAarMetadata UP-TO-DATE
> Task :feature-activity:generateDebugScreenshotTestResources UP-TO-DATE
> Task :feature-activity:processDebugNavigationResources UP-TO-DATE
> Task :feature-activity:mapDebugSourceSetPaths UP-TO-DATE
> Task :designsystem:processDebugManifest UP-TO-DATE
> Task :feature-activity:mapDebugScreenshotTestSourceSetPaths UP-TO-DATE
> Task :designsystem:generateDebugResources UP-TO-DATE
> Task :feature-activity:javaPreCompileDebugScreenshotTest UP-TO-DATE
> Task :feature-activity:processDebugManifest UP-TO-DATE
> Task :designsystem:mergeDebugAssets UP-TO-DATE
> Task :feature-activity:mergeDebugAssets UP-TO-DATE
> Task :feature-activity:packageDebugResources UP-TO-DATE
> Task :designsystem:packageDebugResources UP-TO-DATE
> Task :designsystem:compileDebugLibraryResources UP-TO-DATE
> Task :feature-activity:compileDebugLibraryResources UP-TO-DATE
> Task :feature-activity:parseDebugLocalResources UP-TO-DATE
> Task :designsystem:parseDebugLocalResources UP-TO-DATE
> Task :designsystem:generateDebugRFile UP-TO-DATE
> Task :feature-activity:generateDebugRFile UP-TO-DATE
> Task :feature-activity:mergeDebugScreenshotTestAssets UP-TO-DATE
> Task :feature-activity:checkDebugScreenshotTestAarMetadata UP-TO-DATE
> Task :feature-activity:mergeDebugScreenshotTestResources UP-TO-DATE
> Task :designsystem:compileDebugKotlin UP-TO-DATE
> Task :feature-activity:mergeDebugScreenshotTestManifest UP-TO-DATE
> Task :designsystem:compileDebugJavaWithJavac NO-SOURCE
> Task :feature-activity:processDebugScreenshotTestManifest UP-TO-DATE
> Task :designsystem:bundleLibRuntimeToJarDebug UP-TO-DATE
> Task :designsystem:bundleLibCompileToJarDebug UP-TO-DATE
> Task :feature-activity:compileDebugKotlin UP-TO-DATE
> Task :feature-activity:compileDebugJavaWithJavac NO-SOURCE
> Task :feature-activity:bundleLibCompileToJarDebug UP-TO-DATE
> Task :feature-activity:bundleLibRuntimeToJarDebug UP-TO-DATE
> Task :feature-activity:processDebugScreenshotTestResources UP-TO-DATE
> Task :feature-activity:packageDebugScreenshotTestForScreenshotTest UP-TO-DATE
> Task :feature-activity:compileDebugScreenshotTestKotlin UP-TO-DATE
> Task :feature-activity:compileDebugScreenshotTestJavaWithJavac NO-SOURCE
> Task :feature-activity:updateDebugScreenshotTest

com.example.scale.activity.ScreenshotTestKt > ActivityShipment5ScreenPreviewScreenshot > ActivityShipment5ScreenPreviewScreenshot > ActivityShipment5ScreenPreviewScreenshot_Foldable_Light_Font100_{device=spec:width=701dp,height=841dp,dpi=420, fontScale=1.0, uiMode=16} FAILED
    com.android.tools.screenshot.ScreenshotRenderException

com.example.scale.activity.ScreenshotTestKt > ActivityShipment5ScreenPreviewScreenshot > ActivityShipment5ScreenPreviewScreenshot > ActivityShipment5ScreenPreviewScreenshot_Foldable_Light_Font150_{device=spec:width=701dp,height=841dp,dpi=420, fontScale=1.5, uiMode=16} FAILED
    com.android.tools.screenshot.ScreenshotRenderException

com.example.scale.activity.ScreenshotTestKt > ActivityShipment5ScreenPreviewScreenshot > ActivityShipment5ScreenPreviewScreenshot > ActivityShipment5ScreenPreviewScreenshot_Foldable_Light_Font200_{device=spec:width=701dp,height=841dp,dpi=420, fontScale=2.0, uiMode=16} FAILED
    com.android.tools.screenshot.ScreenshotRenderException

com.example.scale.activity.ScreenshotTestKt > ActivityShipment5ScreenPreviewScreenshot > ActivityShipment5ScreenPreviewScreenshot > ActivityShipment5ScreenPreviewScreenshot_Foldable_Dark_Font100_{device=spec:width=701dp,height=841dp,dpi=420, fontScale=1.0, uiMode=32} FAILED
    com.android.tools.screenshot.ScreenshotRenderException

com.example.scale.activity.ScreenshotTestKt > ActivityShipment5ScreenPreviewScreenshot > ActivityShipment5ScreenPreviewScreenshot STANDARD_ERROR
    java.lang.OutOfMemoryError: Java heap space

com.example.scale.activity.ScreenshotTestKt > ActivityShipment5ScreenPreviewScreenshot > ActivityShipment5ScreenPreviewScreenshot > ActivityShipment5ScreenPreviewScreenshot_Foldable_Dark_Font150_{device=spec:width=701dp,height=841dp,dpi=420, fontScale=1.5, uiMode=32} FAILED
    com.android.tools.screenshot.ScreenshotRenderException

com.example.scale.activity.ScreenshotTestKt > ActivityShipment5ScreenPreviewScreenshot > ActivityShipment5ScreenPreviewScreenshot STANDARD_ERROR
    java.lang.OutOfMemoryError: Java heap space

com.example.scale.activity.ScreenshotTestKt > ActivityShipment5ScreenPreviewScreenshot > ActivityShipment5ScreenPreviewScreenshot > ActivityShipment5ScreenPreviewScreenshot_Foldable_Dark_Font200_{device=spec:width=701dp,height=841dp,dpi=420, fontScale=2.0, uiMode=32} FAILED
    com.android.tools.screenshot.ScreenshotRenderException

com.example.scale.activity.ScreenshotTestKt > ActivityShipment5ScreenPreviewScreenshot > ActivityShipment5ScreenPreviewScreenshot STANDARD_ERROR
    java.lang.OutOfMemoryError: Java heap space

com.example.scale.activity.ScreenshotTestKt > ActivityShipment5ScreenPreviewScreenshot > ActivityShipment5ScreenPreviewScreenshot > ActivityShipment5ScreenPreviewScreenshot_Tablet_Light_Font100_{device=spec:width=1280dp,height=800dp,dpi=320, fontScale=1.0, uiMode=16} FAILED
    com.android.tools.screenshot.ScreenshotRenderException

com.example.scale.activity.ScreenshotTestKt > ActivityShipment5ScreenPreviewScreenshot > ActivityShipment5ScreenPreviewScreenshot STANDARD_ERROR
    java.lang.OutOfMemoryError: Java heap space

com.example.scale.activity.ScreenshotTestKt > ActivityShipment5ScreenPreviewScreenshot > ActivityShipment5ScreenPreviewScreenshot > ActivityShipment5ScreenPreviewScreenshot_Tablet_Light_Font150_{device=spec:width=1280dp,height=800dp,dpi=320, fontScale=1.5, uiMode=16} FAILED
    com.android.tools.screenshot.ScreenshotRenderException

com.example.scale.activity.ScreenshotTestKt > ActivityShipment5ScreenPreviewScreenshot > ActivityShipment5ScreenPreviewScreenshot STANDARD_ERROR
    java.lang.OutOfMemoryError: Java heap space

com.example.scale.activity.ScreenshotTestKt > ActivityShipment5ScreenPreviewScreenshot > ActivityShipment5ScreenPreviewScreenshot > ActivityShipment5ScreenPreviewScreenshot_Tablet_Light_Font200_{device=spec:width=1280dp,height=800dp,dpi=320, fontScale=2.0, uiMode=16} FAILED
    com.android.tools.screenshot.ScreenshotRenderException

com.example.scale.activity.ScreenshotTestKt > ActivityShipment5ScreenPreviewScreenshot > ActivityShipment5ScreenPreviewScreenshot STANDARD_ERROR
    java.lang.OutOfMemoryError: Java heap space

com.example.scale.activity.ScreenshotTestKt > ActivityShipment5ScreenPreviewScreenshot > ActivityShipment5ScreenPreviewScreenshot > ActivityShipment5ScreenPreviewScreenshot_Tablet_Dark_Font100_{device=spec:width=1280dp,height=800dp,dpi=320, fontScale=1.0, uiMode=32} FAILED
    com.android.tools.screenshot.ScreenshotRenderException

com.example.scale.activity.ScreenshotTestKt > ActivityShipment5ScreenPreviewScreenshot > ActivityShipment5ScreenPreviewScreenshot STANDARD_ERROR
    java.lang.OutOfMemoryError: Java heap space

com.example.scale.activity.ScreenshotTestKt > ActivityShipment5ScreenPreviewScreenshot > ActivityShipment5ScreenPreviewScreenshot > ActivityShipment5ScreenPreviewScreenshot_Tablet_Dark_Font150_{device=spec:width=1280dp,height=800dp,dpi=320, fontScale=1.5, uiMode=32} FAILED
    com.android.tools.screenshot.ScreenshotRenderException

com.example.scale.activity.ScreenshotTestKt > ActivityShipment5ScreenPreviewScreenshot > ActivityShipment5ScreenPreviewScreenshot STANDARD_ERROR
    java.lang.OutOfMemoryError: Java heap space

com.example.scale.activity.ScreenshotTestKt > ActivityShipment5ScreenPreviewScreenshot > ActivityShipment5ScreenPreviewScreenshot > ActivityShipment5ScreenPreviewScreenshot_Tablet_Dark_Font200_{device=spec:width=1280dp,height=800dp,dpi=320, fontScale=2.0, uiMode=32} FAILED
    com.android.tools.screenshot.ScreenshotRenderException

com.example.scale.activity.ScreenshotTestKt > ActivityShipment5ScreenPreviewScreenshot > ActivityShipment5ScreenPreviewScreenshot STANDARD_ERROR
    java.lang.OutOfMemoryError: Java heap space

com.example.scale.activity.ScreenshotTestKt > ActivityShipment5ScreenPreviewScreenshot > ActivityShipment5ScreenPreviewScreenshot > ActivityShipment5ScreenPreviewScreenshot_Landscape_Light_Font100_{device=spec:width=923dp,height=411dp,dpi=420, fontScale=1.0, uiMode=16} FAILED
    com.android.tools.screenshot.ScreenshotRenderException

com.example.scale.activity.ScreenshotTestKt > ActivityShipment5ScreenPreviewScreenshot > ActivityShipment5ScreenPreviewScreenshot STANDARD_ERROR
    java.lang.OutOfMemoryError: Java heap space

com.example.scale.activity.ScreenshotTestKt > ActivityShipment5ScreenPreviewScreenshot > ActivityShipment5ScreenPreviewScreenshot > ActivityShipment5ScreenPreviewScreenshot_Landscape_Light_Font150_{device=spec:width=923dp,height=411dp,dpi=420, fontScale=1.5, uiMode=16} FAILED
    com.android.tools.screenshot.ScreenshotRenderException

com.example.scale.activity.ScreenshotTestKt > ActivityShipment5ScreenPreviewScreenshot > ActivityShipment5ScreenPreviewScreenshot STANDARD_ERROR
    java.lang.OutOfMemoryError: Java heap space

com.example.scale.activity.ScreenshotTestKt > ActivityShipment5ScreenPreviewScreenshot > ActivityShipment5ScreenPreviewScreenshot > ActivityShipment5ScreenPreviewScreenshot_Landscape_Light_Font200_{device=spec:width=923dp,height=411dp,dpi=420, fontScale=2.0, uiMode=16} FAILED
    com.android.tools.screenshot.ScreenshotRenderException

com.example.scale.activity.ScreenshotTestKt > ActivityShipment5ScreenPreviewScreenshot > ActivityShipment5ScreenPreviewScreenshot STANDARD_ERROR
    java.lang.OutOfMemoryError: Java heap space

com.example.scale.activity.ScreenshotTestKt > ActivityShipment5ScreenPreviewScreenshot > ActivityShipment5ScreenPreviewScreenshot > ActivityShipment5ScreenPreviewScreenshot_Landscape_Dark_Font100_{device=spec:width=923dp,height=411dp,dpi=420, fontScale=1.0, uiMode=32} FAILED
    com.android.tools.screenshot.ScreenshotRenderException

com.example.scale.activity.ScreenshotTestKt > ActivityShipment5ScreenPreviewScreenshot > ActivityShipment5ScreenPreviewScreenshot > ActivityShipment5ScreenPreviewScreenshot_Landscape_Dark_Font150_{device=spec:width=923dp,height=411dp,dpi=420, fontScale=1.5, uiMode=32} FAILED
    com.android.tools.screenshot.ScreenshotRenderException

com.example.scale.activity.ScreenshotTestKt > ActivityShipment5ScreenPreviewScreenshot > ActivityShipment5ScreenPreviewScreenshot > ActivityShipment5ScreenPreviewScreenshot_Landscape_Dark_Font200_{device=spec:width=923dp,height=411dp,dpi=420, fontScale=2.0, uiMode=32} FAILED
    com.android.tools.screenshot.ScreenshotRenderException

com.example.scale.activity.ScreenshotTestKt > ActivityProject6ScreenPreviewScreenshot > ActivityProject6ScreenPreviewScreenshot > ActivityProject6ScreenPreviewScreenshot_Phone_Light_Font100_{device=spec:width=411dp,height=923dp,dpi=420, fontScale=1.0, uiMode=16} FAILED
    com.android.tools.screenshot.ScreenshotRenderException

com.example.scale.activity.ScreenshotTestKt > ActivityProject6ScreenPreviewScreenshot > ActivityProject6ScreenPreviewScreenshot > ActivityProject6ScreenPreviewScreenshot_Phone_Light_Font150_{device=spec:width=411dp,height=923dp,dpi=420, fontScale=1.5, uiMode=16} FAILED
    com.android.tools.screenshot.ScreenshotRenderException

com.example.scale.activity.ScreenshotTestKt > ActivityProject6ScreenPreviewScreenshot > ActivityProject6ScreenPreviewScreenshot > ActivityProject6ScreenPreviewScreenshot_Phone_Light_Font200_{device=spec:width=411dp,height=923dp,dpi=420, fontScale=2.0, uiMode=16} FAILED
    com.android.tools.screenshot.ScreenshotRenderException

com.example.scale.activity.ScreenshotTestKt > ActivityProject6ScreenPreviewScreenshot > ActivityProject6ScreenPreviewScreenshot > ActivityProject6ScreenPreviewScreenshot_Phone_Dark_Font100_{device=spec:width=411dp,height=923dp,dpi=420, fontScale=1.0, uiMode=32} FAILED
    com.android.tools.screenshot.ScreenshotRenderException

com.example.scale.activity.ScreenshotTestKt > ActivityProject6ScreenPreviewScreenshot > ActivityProject6ScreenPreviewScreenshot > ActivityProject6ScreenPreviewScreenshot_Phone_Dark_Font150_{device=spec:width=411dp,height=923dp,dpi=420, fontScale=1.5, uiMode=32} FAILED
    com.android.tools.screenshot.ScreenshotRenderException

com.example.scale.activity.ScreenshotTestKt > ActivityProject6ScreenPreviewScreenshot > ActivityProject6ScreenPreviewScreenshot > ActivityProject6ScreenPreviewScreenshot_Phone_Dark_Font200_{device=spec:width=411dp,height=923dp,dpi=420, fontScale=2.0, uiMode=32} FAILED
    com.android.tools.screenshot.ScreenshotRenderException

com.example.scale.activity.ScreenshotTestKt > ActivityProject6ScreenPreviewScreenshot > ActivityProject6ScreenPreviewScreenshot > ActivityProject6ScreenPreviewScreenshot_Foldable_Light_Font100_{device=spec:width=701dp,height=841dp,dpi=420, fontScale=1.0, uiMode=16} FAILED
    com.android.tools.screenshot.ScreenshotRenderException

com.example.scale.activity.ScreenshotTestKt > ActivityProject6ScreenPreviewScreenshot > ActivityProject6ScreenPreviewScreenshot > ActivityProject6ScreenPreviewScreenshot_Foldable_Light_Font150_{device=spec:width=701dp,height=841dp,dpi=420, fontScale=1.5, uiMode=16} FAILED
    com.android.tools.screenshot.ScreenshotRenderException

com.example.scale.activity.ScreenshotTestKt > ActivityProject6ScreenPreviewScreenshot > ActivityProject6ScreenPreviewScreenshot > ActivityProject6ScreenPreviewScreenshot_Foldable_Light_Font200_{device=spec:width=701dp,height=841dp,dpi=420, fontScale=2.0, uiMode=16} FAILED
    com.android.tools.screenshot.ScreenshotRenderException

com.example.scale.activity.ScreenshotTestKt > ActivityProject6ScreenPreviewScreenshot > ActivityProject6ScreenPreviewScreenshot STANDARD_ERROR
    ERROR: Java heap space
    java.lang.OutOfMemoryError: Java heap space
    ERROR: Worker exited due to exception
    java.lang.AssertionError: Java heap space
    	at com.intellij.openapi.diagnostic.DefaultLogger.error(DefaultLogger.java:91)
    	at com.intellij.openapi.diagnostic.Logger.error(Logger.java:439)
    	at com.intellij.util.concurrency.SchedulingWrapper$MyScheduledFutureTask.setException(SchedulingWrapper.java:325)
    	at java.base/java.util.concurrent.FutureTask.runAndReset(FutureTask.java:361)
    	at com.intellij.util.concurrency.SchedulingWrapper$MyScheduledFutureTask.run(SchedulingWrapper.java:311)
    	at java.base/java.util.concurrent.ThreadPoolExecutor.runWorker(ThreadPoolExecutor.java:1144)
    	at java.base/java.util.concurrent.ThreadPoolExecutor$Worker.run(ThreadPoolExecutor.java:642)
    	at java.base/java.util.concurrent.Executors$PrivilegedThreadFactory$1$1.run(Executors.java:735)
    	at java.base/java.util.concurrent.Executors$PrivilegedThreadFactory$1$1.run(Executors.java:732)
    	at java.base/java.security.AccessController.doPrivileged(AccessController.java:400)
    	at java.base/java.util.concurrent.Executors$PrivilegedThreadFactory$1.run(Executors.java:732)
    	at java.base/java.lang.Thread.run(Thread.java:1583)
    Caused by: java.lang.OutOfMemoryError: Java heap space
    Exception in thread "ApplicationImpl pooled thread 3" java.lang.AssertionError: Worker exited due to exception
    	at com.intellij.openapi.diagnostic.DefaultLogger.error(DefaultLogger.java:91)
    	at com.intellij.openapi.diagnostic.Logger.error(Logger.java:426)
    	at com.intellij.util.concurrency.AppScheduledExecutorService$BackendThreadPoolExecutor.afterExecute(AppScheduledExecutorService.java:183)
    	at java.base/java.util.concurrent.ThreadPoolExecutor.runWorker(ThreadPoolExecutor.java:1147)
    	at java.base/java.util.concurrent.ThreadPoolExecutor$Worker.run(ThreadPoolExecutor.java:642)
    	at java.base/java.util.concurrent.Executors$PrivilegedThreadFactory$1$1.run(Executors.java:735)
    	at java.base/java.util.concurrent.Executors$PrivilegedThreadFactory$1$1.run(Executors.java:732)
    	at java.base/java.security.AccessController.doPrivileged(AccessController.java:400)
    	at java.base/java.util.concurrent.Executors$PrivilegedThreadFactory$1.run(Executors.java:732)
    	at java.base/java.lang.Thread.run(Thread.java:1583)
    Caused by: java.lang.AssertionError: Java heap space
    	at com.intellij.openapi.diagnostic.DefaultLogger.error(DefaultLogger.java:91)
    	at com.intellij.openapi.diagnostic.Logger.error(Logger.java:439)
    	at com.intellij.util.concurrency.SchedulingWrapper$MyScheduledFutureTask.setException(SchedulingWrapper.java:325)
    	at java.base/java.util.concurrent.FutureTask.runAndReset(FutureTask.java:361)
    	at com.intellij.util.concurrency.SchedulingWrapper$MyScheduledFutureTask.run(SchedulingWrapper.java:311)
    	at java.base/java.util.concurrent.ThreadPoolExecutor.runWorker(ThreadPoolExecutor.java:1144)
    	... 6 more
    Caused by: java.lang.OutOfMemoryError: Java heap space

com.example.scale.activity.ScreenshotTestKt > ActivityProject6ScreenPreviewScreenshot > ActivityProject6ScreenPreviewScreenshot > ActivityProject6ScreenPreviewScreenshot_Foldable_Dark_Font100_{device=spec:width=701dp,height=841dp,dpi=420, fontScale=1.0, uiMode=32} FAILED
    com.android.tools.screenshot.ScreenshotRenderException

com.example.scale.activity.ScreenshotTestKt > ActivityProject6ScreenPreviewScreenshot > ActivityProject6ScreenPreviewScreenshot > ActivityProject6ScreenPreviewScreenshot_Foldable_Dark_Font150_{device=spec:width=701dp,height=841dp,dpi=420, fontScale=1.5, uiMode=32} FAILED
    com.android.tools.screenshot.ScreenshotRenderException

com.example.scale.activity.ScreenshotTestKt > ActivityProject6ScreenPreviewScreenshot > ActivityProject6ScreenPreviewScreenshot > ActivityProject6ScreenPreviewScreenshot_Foldable_Dark_Font200_{device=spec:width=701dp,height=841dp,dpi=420, fontScale=2.0, uiMode=32} FAILED
    com.android.tools.screenshot.ScreenshotRenderException

com.example.scale.activity.ScreenshotTestKt > ActivityProject6ScreenPreviewScreenshot > ActivityProject6ScreenPreviewScreenshot > ActivityProject6ScreenPreviewScreenshot_Tablet_Light_Font100_{device=spec:width=1280dp,height=800dp,dpi=320, fontScale=1.0, uiMode=16} FAILED
    com.android.tools.screenshot.ScreenshotRenderException

com.example.scale.activity.ScreenshotTestKt > ActivityProject6ScreenPreviewScreenshot > ActivityProject6ScreenPreviewScreenshot > ActivityProject6ScreenPreviewScreenshot_Tablet_Light_Font150_{device=spec:width=1280dp,height=800dp,dpi=320, fontScale=1.5, uiMode=16} FAILED
    com.android.tools.screenshot.ScreenshotRenderException

com.example.scale.activity.ScreenshotTestKt > ActivityProject6ScreenPreviewScreenshot > ActivityProject6ScreenPreviewScreenshot > ActivityProject6ScreenPreviewScreenshot_Tablet_Light_Font200_{device=spec:width=1280dp,height=800dp,dpi=320, fontScale=2.0, uiMode=16} FAILED
    com.android.tools.screenshot.ScreenshotRenderException

com.example.scale.activity.ScreenshotTestKt > ActivityProject6ScreenPreviewScreenshot > ActivityProject6ScreenPreviewScreenshot > ActivityProject6ScreenPreviewScreenshot_Tablet_Dark_Font100_{device=spec:width=1280dp,height=800dp,dpi=320, fontScale=1.0, uiMode=32} FAILED
    com.android.tools.screenshot.ScreenshotRenderException

com.example.scale.activity.ScreenshotTestKt > ActivityProject6ScreenPreviewScreenshot > ActivityProject6ScreenPreviewScreenshot > ActivityProject6ScreenPreviewScreenshot_Tablet_Dark_Font150_{device=spec:width=1280dp,height=800dp,dpi=320, fontScale=1.5, uiMode=32} FAILED
    com.android.tools.screenshot.ScreenshotRenderException

com.example.scale.activity.ScreenshotTestKt > ActivityProject6ScreenPreviewScreenshot > ActivityProject6ScreenPreviewScreenshot > ActivityProject6ScreenPreviewScreenshot_Tablet_Dark_Font200_{device=spec:width=1280dp,height=800dp,dpi=320, fontScale=2.0, uiMode=32} FAILED
    com.android.tools.screenshot.ScreenshotRenderException

com.example.scale.activity.ScreenshotTestKt > ActivityProject6ScreenPreviewScreenshot > ActivityProject6ScreenPreviewScreenshot > ActivityProject6ScreenPreviewScreenshot_Landscape_Light_Font100_{device=spec:width=923dp,height=411dp,dpi=420, fontScale=1.0, uiMode=16} FAILED
    com.android.tools.screenshot.ScreenshotRenderException

com.example.scale.activity.ScreenshotTestKt > ActivityProject6ScreenPreviewScreenshot > ActivityProject6ScreenPreviewScreenshot > ActivityProject6ScreenPreviewScreenshot_Landscape_Light_Font150_{device=spec:width=923dp,height=411dp,dpi=420, fontScale=1.5, uiMode=16} FAILED
    com.android.tools.screenshot.ScreenshotRenderException

com.example.scale.activity.ScreenshotTestKt > ActivityProject6ScreenPreviewScreenshot > ActivityProject6ScreenPreviewScreenshot > ActivityProject6ScreenPreviewScreenshot_Landscape_Light_Font200_{device=spec:width=923dp,height=411dp,dpi=420, fontScale=2.0, uiMode=16} FAILED
    com.android.tools.screenshot.ScreenshotRenderException

com.example.scale.activity.ScreenshotTestKt > ActivityProject6ScreenPreviewScreenshot > ActivityProject6ScreenPreviewScreenshot > ActivityProject6ScreenPreviewScreenshot_Landscape_Dark_Font100_{device=spec:width=923dp,height=411dp,dpi=420, fontScale=1.0, uiMode=32} FAILED
    com.android.tools.screenshot.ScreenshotRenderException

com.example.scale.activity.ScreenshotTestKt > ActivityProject6ScreenPreviewScreenshot > ActivityProject6ScreenPreviewScreenshot > ActivityProject6ScreenPreviewScreenshot_Landscape_Dark_Font150_{device=spec:width=923dp,height=411dp,dpi=420, fontScale=1.5, uiMode=32} FAILED
    com.android.tools.screenshot.ScreenshotRenderException

com.example.scale.activity.ScreenshotTestKt > ActivityProject6ScreenPreviewScreenshot > ActivityProject6ScreenPreviewScreenshot > ActivityProject6ScreenPreviewScreenshot_Landscape_Dark_Font200_{device=spec:width=923dp,height=411dp,dpi=420, fontScale=2.0, uiMode=32} FAILED
    com.android.tools.screenshot.ScreenshotRenderException

com.example.scale.activity.ScreenshotTestKt > ActivityBooking8ScreenPreviewScreenshot > ActivityBooking8ScreenPreviewScreenshot > ActivityBooking8ScreenPreviewScreenshot_Phone_Light_Font100_{device=spec:width=411dp,height=923dp,dpi=420, fontScale=1.0, uiMode=16} FAILED
    com.android.tools.screenshot.ScreenshotRenderException

com.example.scale.activity.ScreenshotTestKt > ActivityBooking8ScreenPreviewScreenshot > ActivityBooking8ScreenPreviewScreenshot > ActivityBooking8ScreenPreviewScreenshot_Phone_Light_Font150_{device=spec:width=411dp,height=923dp,dpi=420, fontScale=1.5, uiMode=16} FAILED
    com.android.tools.screenshot.ScreenshotRenderException

com.example.scale.activity.ScreenshotTestKt > ActivityBooking8ScreenPreviewScreenshot > ActivityBooking8ScreenPreviewScreenshot > ActivityBooking8ScreenPreviewScreenshot_Phone_Light_Font200_{device=spec:width=411dp,height=923dp,dpi=420, fontScale=2.0, uiMode=16} FAILED
    com.android.tools.screenshot.ScreenshotRenderException

com.example.scale.activity.ScreenshotTestKt > ActivityBooking8ScreenPreviewScreenshot > ActivityBooking8ScreenPreviewScreenshot > ActivityBooking8ScreenPreviewScreenshot_Phone_Dark_Font100_{device=spec:width=411dp,height=923dp,dpi=420, fontScale=1.0, uiMode=32} FAILED
    com.android.tools.screenshot.ScreenshotRenderException

com.example.scale.activity.ScreenshotTestKt > ActivityBooking8ScreenPreviewScreenshot > ActivityBooking8ScreenPreviewScreenshot > ActivityBooking8ScreenPreviewScreenshot_Phone_Dark_Font150_{device=spec:width=411dp,height=923dp,dpi=420, fontScale=1.5, uiMode=32} FAILED
    com.android.tools.screenshot.ScreenshotRenderException

com.example.scale.activity.ScreenshotTestKt > ActivityBooking8ScreenPreviewScreenshot > ActivityBooking8ScreenPreviewScreenshot > ActivityBooking8ScreenPreviewScreenshot_Phone_Dark_Font200_{device=spec:width=411dp,height=923dp,dpi=420, fontScale=2.0, uiMode=32} FAILED
    com.android.tools.screenshot.ScreenshotRenderException

com.example.scale.activity.ScreenshotTestKt > ActivityBooking8ScreenPreviewScreenshot > ActivityBooking8ScreenPreviewScreenshot > ActivityBooking8ScreenPreviewScreenshot_Foldable_Light_Font100_{device=spec:width=701dp,height=841dp,dpi=420, fontScale=1.0, uiMode=16} FAILED
    com.android.tools.screenshot.ScreenshotRenderException

com.example.scale.activity.ScreenshotTestKt > ActivityBooking8ScreenPreviewScreenshot > ActivityBooking8ScreenPreviewScreenshot > ActivityBooking8ScreenPreviewScreenshot_Foldable_Light_Font150_{device=spec:width=701dp,height=841dp,dpi=420, fontScale=1.5, uiMode=16} FAILED
    com.android.tools.screenshot.ScreenshotRenderException

com.example.scale.activity.ScreenshotTestKt > ActivityBooking8ScreenPreviewScreenshot > ActivityBooking8ScreenPreviewScreenshot > ActivityBooking8ScreenPreviewScreenshot_Foldable_Light_Font200_{device=spec:width=701dp,height=841dp,dpi=420, fontScale=2.0, uiMode=16} FAILED
    com.android.tools.screenshot.ScreenshotRenderException

com.example.scale.activity.ScreenshotTestKt > ActivityBooking8ScreenPreviewScreenshot > ActivityBooking8ScreenPreviewScreenshot > ActivityBooking8ScreenPreviewScreenshot_Foldable_Dark_Font100_{device=spec:width=701dp,height=841dp,dpi=420, fontScale=1.0, uiMode=32} FAILED
    com.android.tools.screenshot.ScreenshotRenderException

com.example.scale.activity.ScreenshotTestKt > ActivityBooking8ScreenPreviewScreenshot > ActivityBooking8ScreenPreviewScreenshot > ActivityBooking8ScreenPreviewScreenshot_Foldable_Dark_Font150_{device=spec:width=701dp,height=841dp,dpi=420, fontScale=1.5, uiMode=32} FAILED
    com.android.tools.screenshot.ScreenshotRenderException

com.example.scale.activity.ScreenshotTestKt > ActivityBooking8ScreenPreviewScreenshot > ActivityBooking8ScreenPreviewScreenshot > ActivityBooking8ScreenPreviewScreenshot_Foldable_Dark_Font200_{device=spec:width=701dp,height=841dp,dpi=420, fontScale=2.0, uiMode=32} FAILED
    com.android.tools.screenshot.ScreenshotRenderException

com.example.scale.activity.ScreenshotTestKt > ActivityBooking8ScreenPreviewScreenshot > ActivityBooking8ScreenPreviewScreenshot > ActivityBooking8ScreenPreviewScreenshot_Tablet_Light_Font100_{device=spec:width=1280dp,height=800dp,dpi=320, fontScale=1.0, uiMode=16} FAILED
    com.android.tools.screenshot.ScreenshotRenderException


Exception: java.lang.OutOfMemoryError thrown from the UncaughtExceptionHandler in thread "ApplicationImpl pooled thread 1"

> Task :feature-activity:updateDebugScreenshotTest

com.example.scale.activity.ScreenshotTestKt > ActivityBooking8ScreenPreviewScreenshot > ActivityBooking8ScreenPreviewScreenshot > ActivityBooking8ScreenPreviewScreenshot_Tablet_Light_Font150_{device=spec:width=1280dp,height=800dp,dpi=320, fontScale=1.5, uiMode=16} FAILED
    com.android.tools.screenshot.ScreenshotRenderException

com.example.scale.activity.ScreenshotTestKt > ActivityBooking8ScreenPreviewScreenshot > ActivityBooking8ScreenPreviewScreenshot > ActivityBooking8ScreenPreviewScreenshot_Tablet_Light_Font200_{device=spec:width=1280dp,height=800dp,dpi=320, fontScale=2.0, uiMode=16} FAILED
    com.android.tools.screenshot.ScreenshotRenderException

com.example.scale.activity.ScreenshotTestKt > ActivityBooking8ScreenPreviewScreenshot > ActivityBooking8ScreenPreviewScreenshot > ActivityBooking8ScreenPreviewScreenshot_Tablet_Dark_Font100_{device=spec:width=1280dp,height=800dp,dpi=320, fontScale=1.0, uiMode=32} FAILED
    com.android.tools.screenshot.ScreenshotRenderException

com.example.scale.activity.ScreenshotTestKt > ActivityBooking8ScreenPreviewScreenshot > ActivityBooking8ScreenPreviewScreenshot > ActivityBooking8ScreenPreviewScreenshot_Tablet_Dark_Font150_{device=spec:width=1280dp,height=800dp,dpi=320, fontScale=1.5, uiMode=32} FAILED
    com.android.tools.screenshot.ScreenshotRenderException

com.example.scale.activity.ScreenshotTestKt > ActivityBooking8ScreenPreviewScreenshot > ActivityBooking8ScreenPreviewScreenshot > ActivityBooking8ScreenPreviewScreenshot_Tablet_Dark_Font200_{device=spec:width=1280dp,height=800dp,dpi=320, fontScale=2.0, uiMode=32} FAILED
    com.android.tools.screenshot.ScreenshotRenderException

com.example.scale.activity.ScreenshotTestKt > ActivityBooking8ScreenPreviewScreenshot > ActivityBooking8ScreenPreviewScreenshot > ActivityBooking8ScreenPreviewScreenshot_Landscape_Light_Font100_{device=spec:width=923dp,height=411dp,dpi=420, fontScale=1.0, uiMode=16} FAILED
    com.android.tools.screenshot.ScreenshotRenderException

com.example.scale.activity.ScreenshotTestKt > ActivityBooking8ScreenPreviewScreenshot > ActivityBooking8ScreenPreviewScreenshot > ActivityBooking8ScreenPreviewScreenshot_Landscape_Light_Font150_{device=spec:width=923dp,height=411dp,dpi=420, fontScale=1.5, uiMode=16} FAILED
    com.android.tools.screenshot.ScreenshotRenderException

com.example.scale.activity.ScreenshotTestKt > ActivityBooking8ScreenPreviewScreenshot > ActivityBooking8ScreenPreviewScreenshot > ActivityBooking8ScreenPreviewScreenshot_Landscape_Light_Font200_{device=spec:width=923dp,height=411dp,dpi=420, fontScale=2.0, uiMode=16} FAILED
    com.android.tools.screenshot.ScreenshotRenderException

com.example.scale.activity.ScreenshotTestKt > ActivityBooking8ScreenPreviewScreenshot > ActivityBooking8ScreenPreviewScreenshot > ActivityBooking8ScreenPreviewScreenshot_Landscape_Dark_Font100_{device=spec:width=923dp,height=411dp,dpi=420, fontScale=1.0, uiMode=32} FAILED
    com.android.tools.screenshot.ScreenshotRenderException

com.example.scale.activity.ScreenshotTestKt > ActivityBooking8ScreenPreviewScreenshot > ActivityBooking8ScreenPreviewScreenshot > ActivityBooking8ScreenPreviewScreenshot_Landscape_Dark_Font150_{device=spec:width=923dp,height=411dp,dpi=420, fontScale=1.5, uiMode=32} FAILED
    com.android.tools.screenshot.ScreenshotRenderException

com.example.scale.activity.ScreenshotTestKt > ActivityBooking8ScreenPreviewScreenshot > ActivityBooking8ScreenPreviewScreenshot > ActivityBooking8ScreenPreviewScreenshot_Landscape_Dark_Font200_{device=spec:width=923dp,height=411dp,dpi=420, fontScale=2.0, uiMode=32} FAILED
    com.android.tools.screenshot.ScreenshotRenderException

336 tests completed, 66 failed

> Task :feature-activity:updateDebugScreenshotTest FAILED

FAILURE: Build failed with an exception.

* What went wrong:
Execution failed for task ':feature-activity:updateDebugScreenshotTest'.
> There were failing tests. See the report at: file://~/AndroidStudioProjects/screenshot-testing-benchmark/runs/compose-preview/feature-activity/build/reports/tests/updateDebugScreenshotTest/index.html

* Try:
> Run with --scan to get full insights from a Build Scan (powered by Develocity).

BUILD FAILED in 2m
42 actionable tasks: 1 executed, 41 up-to-date
Configuration cache entry stored.
